Device: cuda
Log: ./train_control.log
Loading datasets ...
  Train: 150,000  Val: 30,000
Building size distribution ...
  Size range: 6 ~ 50 atoms  (median 29)
Computing marginal class distributions (node/edge) ...
  m_X: [0.0, 0.7424461245536804, 0.09813539683818817, 0.11735163629055023, 0.012819983996450901, 0.00039847753942012787, 0.017244458198547363, 0.009797051548957825, 0.0015939101576805115, 0.00021297937200870365]
  m_E: [0.9272449612617493, 0.05248565226793289, 0.02004554122686386, 0.00022381941380444914]
  [G-2] checkpoints_c4_a1/best.pt에서 가중치만 로드 (optimizer/scheduler/epoch는 새로 시작)
  Parameters: 5,754,052

 Epoch    T-loss      T-x      T-e    V-loss      V-x      V-e  Time
------------------------------------------------------------------------------------------
     1    1.4818   0.5085   0.1936    1.3918   0.5073   0.1767  1267.8s
     2    1.4826   0.5086   0.1937    1.3987   0.5087   0.1778  1344.7s
     3    1.4803   0.5083   0.1933    1.3929   0.5075   0.1768  1340.6s
     4    1.4826   0.5084   0.1938    1.4009   0.5116   0.1776  1333.5s
     5    1.4782   0.5074   0.1931    1.4020   0.5106   0.1781  1296.0s
     6    1.4811   0.5082   0.1936    1.3926   0.5066   0.1770  1330.8s
     7    1.4831   0.5090   0.1939    1.3857   0.5045   0.1761  1311.5s
     8    1.4847   0.5095   0.1941    1.3876   0.5047   0.1764  1366.4s
Device: cuda
Log: ./train_control.log
Loading datasets ...
     9    1.4793   0.5073   0.1934    1.3970   0.5072   0.1778  1384.2s
    10    1.4813   0.5078   0.1938    1.3967   0.5076   0.1777  1353.3s
    [EMA] valid(strict)=0.762 valid(frag)=0.953 valid(single)=0.719 atomViolRate=0.002 meanViol/mol=0.05 fragRatio=0.931 uniq=1.000
    [EMA] singleFragRate=0.762(ref 0.968) ringCount=3.85(ref 3.69) ring56Rate=0.637(ref 0.967) degree=2.17(ref 2.19) QED=0.555(ref 0.538)
    [EMA] t=10  atom=0.998 bond=0.993 nobond=1.000 P(b|bond)=0.991 P(b|nobond)=0.001 CE=0.002(ref 0.308) | t=40  atom=0.943 bond=0.839 nobond=0.994 P(b|bond)=0.799 P(b|nobond)=0.015 CE=0.065(ref 0.308) | t=75  atom=0.802 bond=0.332 nobond=0.984 P(b|bond)=0.317 P(b|nobond)=0.050 CE=0.217(ref 0.308) | t=110 atom=0.748 bond=0.000 nobond=1.000 P(b|bond)=0.096 P(b|nobond)=0.065 CE=0.295(ref 0.308)
    [RAW] valid(strict)=0.625 valid(frag)=0.938 valid(single)=0.551 atomViolRate=0.002 meanViol/mol=0.07 fragRatio=0.879 uniq=1.000
    [RAW] singleFragRate=0.594(ref 0.968) ringCount=2.97(ref 3.69) ring56Rate=0.640(ref 0.967) degree=2.11(ref 2.19) QED=0.494(ref 0.538)
    [RAW] t=10  atom=0.996 bond=0.995 nobond=1.000 P(b|bond)=0.991 P(b|nobond)=0.000 CE=0.002(ref 0.308) | t=40  atom=0.938 bond=0.816 nobond=0.994 P(b|bond)=0.781 P(b|nobond)=0.012 CE=0.066(ref 0.308) | t=75  atom=0.792 bond=0.229 nobond=0.992 P(b|bond)=0.275 P(b|nobond)=0.039 CE=0.220(ref 0.308) | t=110 atom=0.748 bond=0.000 nobond=1.000 P(b|bond)=0.068 P(b|nobond)=0.047 CE=0.303(ref 0.308)
    11    1.4788   0.5076   0.1933    1.3937   0.5065   0.1773  1337.6s
    12    1.4785   0.5071   0.1934    1.3978   0.5074   0.1780  1393.9s
    13    1.4750   0.5056   0.1930    1.4024   0.5084   0.1787  1428.3s
    14    1.4726   0.5051   0.1927    1.4012   0.5085   0.1785  1379.7s
    15    1.4789   0.5070   0.1935    1.3790   0.4989   0.1759  1361.1s
    16    1.4735   0.5049   0.1929    1.3763   0.4989   0.1754  1349.9s
    17    1.4741   0.5050   0.1930    1.3855   0.5010   0.1769  1320.8s
    18    1.4714   0.5046   0.1925    1.3820   0.5000   0.1764  1364.4s
    19    1.4752   0.5056   0.1931    1.3694   0.4949   0.1749  1379.7s
    20    1.4727   0.5047   0.1928    1.3793   0.4984   0.1761  1375.5s
    [EMA] valid(strict)=0.805 valid(frag)=0.941 valid(single)=0.789 atomViolRate=0.002 meanViol/mol=0.06 fragRatio=0.948 uniq=1.000
    [EMA] singleFragRate=0.840(ref 0.968) ringCount=4.24(ref 3.69) ring56Rate=0.593(ref 0.967) degree=2.19(ref 2.19) QED=0.564(ref 0.538)
    [EMA] t=10  atom=0.996 bond=0.996 nobond=1.000 P(b|bond)=0.995 P(b|nobond)=0.000 CE=0.002(ref 0.308) | t=40  atom=0.936 bond=0.851 nobond=0.994 P(b|bond)=0.818 P(b|nobond)=0.015 CE=0.058(ref 0.308) | t=75  atom=0.807 bond=0.361 nobond=0.985 P(b|bond)=0.341 P(b|nobond)=0.052 CE=0.212(ref 0.308) | t=110 atom=0.748 bond=0.000 nobond=1.000 P(b|bond)=0.099 P(b|nobond)=0.070 CE=0.297(ref 0.308)
    [RAW] valid(strict)=0.766 valid(frag)=0.953 valid(single)=0.750 atomViolRate=0.002 meanViol/mol=0.05 fragRatio=0.938 uniq=1.000
    [RAW] singleFragRate=0.797(ref 0.968) ringCount=3.55(ref 3.69) ring56Rate=0.632(ref 0.967) degree=2.16(ref 2.19) QED=0.561(ref 0.538)
    [RAW] t=10  atom=0.996 bond=0.992 nobond=1.000 P(b|bond)=0.990 P(b|nobond)=0.001 CE=0.003(ref 0.308) | t=40  atom=0.933 bond=0.840 nobond=0.994 P(b|bond)=0.801 P(b|nobond)=0.014 CE=0.061(ref 0.308) | t=75  atom=0.792 bond=0.325 nobond=0.987 P(b|bond)=0.319 P(b|nobond)=0.048 CE=0.211(ref 0.308) | t=110 atom=0.748 bond=0.000 nobond=1.000 P(b|bond)=0.089 P(b|nobond)=0.061 CE=0.298(ref 0.308)

Done. Best val loss: 1.3694
