# 1차 학습

```
Device: cuda
Loading datasets ...
  Train: 100,000  Val: 20,000

 Epoch   Beta   T-loss  T-recon  T-exist   T-type     T-kl   V-loss  V-recon  Time
-----------------------------------------------------------------------------------------------
     1  0.000   1.9555   1.9555   1.2777   0.6778 81204369.4132   1.8895   1.8895  916.5s
     2  0.016   2.1884   1.9217   1.2586   0.6631  16.9820   1.9293   1.9293  941.8s
     3  0.062   1.9301   1.9296   1.2600   0.6696   0.0086   1.9292   1.9292  938.0s
     4  0.136   1.9306   1.9296   1.2600   0.6696   0.0077   1.9292   1.9291  939.9s
     5  0.232   1.9304   1.9296   1.2600   0.6696   0.0035   1.9293   1.9291  940.9s
     6  0.345   1.9300   1.9296   1.2600   0.6696   0.0013   1.9291   1.9290  946.4s
     7  0.469   1.9300   1.9296   1.2600   0.6696   0.0009   1.9290   1.9290  942.0s
     8  0.594   1.9577   1.9574   1.2750   0.6823   0.0005   2.0677   2.0677  947.9s
     9  0.713   2.0683   2.0680   1.3346   0.7334   0.0004   2.0678   2.0677  946.4s
    10  0.819   2.0683   2.0680   1.3346   0.7334   0.0004   2.0675   2.0675  950.4s
    11  0.905   2.0680   2.0679   1.3346   0.7333   0.0000   2.0676   2.0675  947.1s
    12  0.965   2.0788   2.0679   1.3346   0.7333   0.0113   2.0675   2.0675  950.6s
```
