# 3차 학습

```
Device: cuda
Loading datasets ...
  Train: 100,000  Val: 20,000
  Warmup: 10 epochs (7,820 steps), then 4 cosine cycles

 Epoch   Beta   T-loss  T-recon  T-exist   T-type     T-kl   V-loss  V-recon  Time
-----------------------------------------------------------------------------------------------
     1  0.000   1.8481   1.8481   1.2272   0.6209 961.8558   1.7682   1.7682  925.4s
     2  0.000   1.7514   1.7514   1.1856   0.5659  92.9221   1.7545   1.7545  945.7s
     3  0.000   1.7434   1.7434   1.1844   0.5590  83.9877   1.7435   1.7435  951.7s
     4  0.000   1.7396   1.7396   1.1836   0.5559  97.5343   1.7410   1.7410  960.8s
```

```
Device: cuda
Loading datasets ...
  Train: 100,000  Val: 20,000
  Warmup: 10 epochs (7,820 steps), then 4 cosine cycles

 Epoch   Beta   T-loss  T-recon  T-exist   T-type     T-kl   V-loss  V-recon  Time
-----------------------------------------------------------------------------------------------
     1  0.000   1.8116   1.8116   1.2114   0.6001 31959.0035   1.7655   1.7655  884.7s
     2  0.000   1.7499   1.7499   1.1848   0.5651 126.5463   1.7542   1.7542  903.0s
     3  0.000   1.7425   1.7425   1.1840   0.5585 102.0596   1.7445   1.7445  896.9s
     4  0.000   1.7389   1.7389   1.1833   0.5556 115.7004   1.7399   1.7399  916.1s
     5  0.000   1.7368   1.7368   1.1828   0.5540 129.3370   1.7384   1.7384  906.1s
```

```
Device: cuda
Loading datasets ...
  Train: 100,000  Val: 20,000
  Warmup: 10 epochs (7,820 steps), then 4 cosine cycles

 Epoch   Beta   T-loss  T-recon  T-exist   T-type     T-kl   V-loss  V-recon  Time
-----------------------------------------------------------------------------------------------
     1  0.000   1.8270   1.8270   1.2192   0.6079 522.2112   1.7579   1.7579  921.8s
     2  0.000   1.7470   1.7470   1.1850   0.5620 123.6060   1.7466   1.7466  942.4s
     3  0.000   1.7407   1.7407   1.1840   0.5568 124.1427   1.7428   1.7428  939.4s
     4  0.000   1.7375   1.7375   1.1832   0.5543 141.0790   1.7412   1.7412  949.8s
     5  0.000   1.7341   1.7341   1.1822   0.5519 165.7314   1.7379   1.7379  937.8s
     6  0.000   1.7325   1.7325   1.1818   0.5507 197.3163   1.7372   1.7372  937.5s
     7  0.000   1.7328   1.7328   1.1820   0.5508 249.2746   1.7578   1.7578  943.0s
     8  0.000   1.7337   1.7337   1.1824   0.5514 356.7047   1.7353   1.7353  949.4s
     9  0.000   1.7284   1.7284   1.1804   0.5480 333.8209   1.7313   1.7313  951.7s
    10  0.000   1.7286   1.7286   1.1805   0.5481 398.6174   1.7324   1.7324  957.1s
    11  0.000   1.7266   1.7266   1.1799   0.5467 443.0272   1.7313   1.7313  950.4s
    12  0.019   1.8116   1.7585   1.1845   0.5741   2.7374   1.7583   1.7578  960.0s
    13  0.076   1.7566   1.7558   1.1839   0.5719   0.0097   1.7592   1.7581  959.4s
    14  0.165   1.7561   1.7555   1.1839   0.5716   0.0037   1.7588   1.7587  953.6s
    15  0.281   1.7547   1.7542   1.1835   0.5707   0.0017   1.7577   1.7576  967.6s
    16  0.413   1.7544   1.7539   1.1835   0.5704   0.0012   1.7572   1.7571  967.0s
    17  0.552   1.7535   1.7531   1.1833   0.5699   0.0006   1.7590   1.7587  969.2s
    18  0.687   1.7532   1.7531   1.1834   0.5697   0.0002   1.7582   1.7582  967.8s
    19  0.808   1.7604   1.7523   1.1831   0.5692   0.0101   1.7579   1.7576  971.9s
```
