# 4차 학습

```
Device: cuda
Log: train.log
Loading datasets ...
  Train: 100,000  Val: 20,000
  Warmup: 10 epochs (7,820 steps), then 4 cosine cycles

 Epoch   Beta   T-loss  T-recon  T-exist   T-type     T-kl   V-loss  V-recon  Time
-----------------------------------------------------------------------------------------------
     1  0.000   1.8019   1.8019   1.2080   0.5939 475.8168   1.7573   1.7573  573.5s
     2  0.000   1.7463   1.7463   1.1847   0.5617 167.1879   1.7455   1.7455  605.4s
     3  0.000   1.7423   1.7423   1.1842   0.5581 141.2317   1.7451   1.7451  572.2s
     4  0.000   1.7381   1.7381   1.1833   0.5547 129.4376   1.7406   1.7406  582.1s
     5  0.000   1.7341   1.7341   1.1822   0.5519 146.8210   1.7384   1.7384  566.6s
     6  0.000   1.7336   1.7336   1.1822   0.5513 163.4554   1.7365   1.7365  604.5s
     7  0.000   1.7306   1.7306   1.1812   0.5494 186.6920   1.7337   1.7337  621.7s
     8  0.000   1.7285   1.7285   1.1804   0.5482 209.8224   1.7321   1.7321  598.4s
     9  0.000   1.7267   1.7267   1.1798   0.5469 246.7985   1.7319   1.7319  582.7s
    10  0.000   1.7249   1.7249   1.1792   0.5457 272.2377   1.7344   1.7344  581.4s
    11  0.000   1.7245   1.7245   1.1792   0.5454 303.0271   1.7289   1.7289  582.6s
    12  0.010   1.8899   1.7493   1.1837   0.5656  14.5117   1.8689   1.7431  587.3s
    13  0.038   2.2328   1.7453   1.1826   0.5627  12.8311   2.2298   1.7428  590.7s
    14  0.083   2.8043   1.7446   1.1823   0.5622  12.8118   2.8035   1.7441  587.7s
    15  0.140   3.5419   1.7438   1.1820   0.5617  12.8061   3.5419   1.7434  607.8s
    16  0.207   4.3878   1.7427   1.1817   0.5610  12.8038   4.3876   1.7430  600.0s
    17  0.276   5.2776   1.7424   1.1817   0.5608  12.8025   5.2764   1.7411  598.1s
    18  0.344   6.1410   1.7416   1.1814   0.5602  12.8020   6.1406   1.7410  593.9s
    19  0.404   6.9127   1.7419   1.1814   0.5604  12.8018   6.9127   1.7418  595.5s
    20  0.452   7.5305   1.7410   1.1813   0.5597  12.8014   7.5304   1.7414  589.6s
    21  0.485   7.9468   1.7392   1.1808   0.5584  12.8012   7.9488   1.7399  602.8s
    22  0.499   8.1320   1.7392   1.1808   0.5584  12.8012   8.1321   1.7390  588.7s
    23  0.500   8.1380   1.7374   1.1803   0.5571  12.8012   8.1405   1.7392  604.1s
    24  0.500   8.1370   1.7365   1.1800   0.5564  12.8011   8.1396   1.7392  593.0s
    25  0.500   8.1370   1.7365   1.1802   0.5563  12.8011   8.1391   1.7376  627.9s
    26  0.500   8.1350   1.7345   1.1795   0.5549  12.8011   8.1393   1.7376  609.4s
    27  0.500   8.1338   1.7333   1.1791   0.5541  12.8011   8.1381   1.7375  617.9s
    28  0.500   8.1330   1.7325   1.1789   0.5536  12.8011   8.1381   1.7361  603.2s
    29  0.500   8.1320   1.7314   1.1786   0.5529  12.8011   8.1379   1.7366  596.5s
    30  0.500   8.1310   1.7303   1.1783   0.5520  12.8013   8.1376   1.7363  601.5s
    31  0.500   8.1301   1.7296   1.1781   0.5515  12.8010   8.1373   1.7359  602.0s
    32  0.500   8.1286   1.7281   1.1777   0.5504  12.8010   8.1364   1.7353  601.6s
    33  0.500   8.1273   1.7269   1.1774   0.5495  12.8009   8.1358   1.7349  605.6s
    34  0.002   1.7544   1.7224   1.1766   0.5458  13.1590   1.7640   1.7317  592.8s
    35  0.022   1.9993   1.7219   1.1762   0.5457  12.8346   2.0100   1.7325  601.8s
    36  0.058   2.4707   1.7215   1.1759   0.5456  12.8100   2.4821   1.7327  603.9s
    37  0.110   3.1320   1.7208   1.1757   0.5452  12.8048   3.1443   1.7329  604.4s
    38  0.173   3.9316   1.7199   1.1754   0.5446  12.8030   3.9467   1.7344  595.8s
    39  0.241   4.8083   1.7195   1.1751   0.5444  12.8022   4.8235   1.7341  604.4s
    40  0.310   5.6935   1.7188   1.1749   0.5439  12.8017   5.7085   1.7331  602.3s
    41  0.375   6.5177   1.7172   1.1744   0.5428  12.8012   6.5354   1.7339  604.6s
    42  0.430   7.2191   1.7167   1.1742   0.5425  12.8011   7.2362   1.7336  604.2s
    43  0.471   7.7440   1.7180   1.1746   0.5434  12.8012   7.7605   1.7343  602.2s
    44  0.495   8.0460   1.7155   1.1738   0.5417  12.8010   8.0657   1.7338  598.2s
    45  0.500   8.1137   1.7133   1.1731   0.5402  12.8009   8.1352   1.7337  611.5s
    46  0.500   8.1125   1.7121   1.1728   0.5393  12.8009   8.1346   1.7327  599.8s
    47  0.500   8.1111   1.7107   1.1723   0.5384  12.8008   8.1356   1.7341  601.8s
    48  0.500   8.1100   1.7097   1.1720   0.5377  12.8008   8.1349   1.7333  608.4s
    49  0.500   8.1090   1.7086   1.1717   0.5369  12.8008   8.1354   1.7343  598.3s
    50  0.500   8.1078   1.7074   1.1713   0.5361  12.8009   8.1361   1.7341  607.5s
    51  0.500   8.1063   1.7060   1.1708   0.5351  12.8007   8.1365   1.7342  606.7s
    52  0.500   8.1050   1.7047   1.1704   0.5343  12.8007   8.1372   1.7350  606.9s
    53  0.500   8.1040   1.7036   1.1701   0.5336  12.8007   8.1383   1.7352  600.0s
    54  0.500   8.1033   1.7030   1.1699   0.5331  12.8007   8.1365   1.7350  609.1s
    55  0.500   8.1023   1.7020   1.1695   0.5324  12.8007   8.1389   1.7357  597.3s
    56  0.000   1.6925   1.6925   1.1673   0.5252  12.9119   1.7319   1.7319  603.5s
    57  0.010   1.8224   1.6979   1.1685   0.5294  12.8542   1.8592   1.7345  608.6s
    58  0.038   2.1838   1.6971   1.1681   0.5290  12.8105   2.2224   1.7351  612.1s
    59  0.083   2.7555   1.6963   1.1678   0.5285  12.8040   2.7966   1.7365  598.8s
    60  0.140   3.4931   1.6956   1.1676   0.5280  12.8023   3.5348   1.7361  601.4s
    61  0.207   4.3397   1.6951   1.1673   0.5278  12.8014   4.3834   1.7375  604.8s
    62  0.276   5.2290   1.6943   1.1671   0.5272  12.8010   5.2735   1.7376  606.1s
    63  0.344   6.0924   1.6934   1.1669   0.5266  12.8008   6.1393   1.7383  609.4s
    64  0.404   6.8630   1.6926   1.1666   0.5260  12.8006   6.9116   1.7389  590.0s
    65  0.452   7.4811   1.6920   1.1663   0.5256  12.8005   7.5313   1.7403  626.7s
    66  0.485   7.8982   1.6909   1.1660   0.5249  12.8005   7.9520   1.7415  614.4s
    67  0.499   8.0828   1.6904   1.1658   0.5245  12.8004   8.1365   1.7419  607.1s
    68  0.500   8.0896   1.6894   1.1655   0.5239  12.8004   8.1464   1.7435  612.6s
    69  0.500   8.0890   1.6888   1.1653   0.5235  12.8004   8.1481   1.7446  600.8s
    70  0.500   8.0879   1.6877   1.1650   0.5227  12.8004   8.1479   1.7457  606.3s
    71  0.500   8.0874   1.6872   1.1648   0.5224  12.8004   8.1497   1.7460  600.8s
    72  0.500   8.0869   1.6867   1.1647   0.5220  12.8004   8.1513   1.7467  604.2s
    73  0.500   8.0863   1.6861   1.1645   0.5217  12.8003   8.1491   1.7458  601.2s
    74  0.500   8.0857   1.6856   1.1643   0.5213  12.8003   8.1501   1.7469  614.3s
    75  0.500   8.0851   1.6849   1.1641   0.5208  12.8003   8.1504   1.7468  600.6s
    76  0.500   8.0847   1.6845   1.1640   0.5206  12.8003   8.1515   1.7474  607.5s
    77  0.500   8.0840   1.6839   1.1638   0.5201  12.8003   8.1511   1.7476  606.0s
    78  0.500   8.0835   1.6834   1.1636   0.5198  12.8003   8.1533   1.7490  604.9s
    79  0.002   1.7133   1.6819   1.1633   0.5186  12.8797   1.7784   1.7468  607.6s
    80  0.022   1.9587   1.6819   1.1632   0.5186  12.8089   2.0270   1.7497  599.1s
    81  0.058   2.4304   1.6817   1.1631   0.5185  12.8021   2.4993   1.7494  596.8s
    82  0.110   3.0921   1.6815   1.1631   0.5184  12.8008   3.1621   1.7496  604.0s
    83  0.173   3.8926   1.6814   1.1630   0.5183  12.8005   3.9644   1.7505  608.5s
    84  0.241   4.7696   1.6812   1.1630   0.5182  12.8003   4.8428   1.7510  607.5s
    85  0.310   5.6552   1.6810   1.1629   0.5180  12.8002   5.7290   1.7510  604.9s
    86  0.375   6.4810   1.6809   1.1629   0.5180  12.8002   6.5570   1.7519  608.5s
    87  0.430   7.1827   1.6807   1.1629   0.5179  12.8001   7.2591   1.7513  603.7s
    88  0.471   7.7063   1.6808   1.1628   0.5179  12.8001   7.7832   1.7515  608.1s
    89  0.495   8.0111   1.6809   1.1629   0.5180  12.8001   8.0883   1.7510  607.4s
    90  0.500   8.0810   1.6809   1.1629   0.5180  12.8001   8.1585   1.7511  600.0s
    91  0.500   8.0811   1.6810   1.1630   0.5181  12.8001   8.1590   1.7507  609.0s
    92  0.500   8.0813   1.6813   1.1630   0.5182  12.8001   8.1580   1.7492  608.7s
    93  0.500   8.0815   1.6815   1.1631   0.5184  12.8001   8.1575   1.7490  607.9s
    94  0.500   8.0818   1.6818   1.1632   0.5185  12.8001   8.1571   1.7480  607.1s
    95  0.500   8.0821   1.6821   1.1633   0.5188  12.8001   8.1565   1.7472  602.8s
    96  0.500   8.0827   1.6826   1.1635   0.5191  12.8001   8.1560   1.7461  608.0s
    97  0.500   8.0831   1.6831   1.1637   0.5194  12.8001   8.1551   1.7448  608.3s
    98  0.500   8.0834   1.6833   1.1637   0.5196  12.8000   8.1546   1.7437  601.8s
    99  0.500   8.0836   1.6836   1.1638   0.5197  12.8000   8.1539   1.7428  606.2s
   100  0.500   8.0836   1.6836   1.1638   0.5197  12.8000   8.1533   1.7420  606.6s

train finished! Best val loss: 1.7289
```

**INFER_THRESHOLD = 0.85**

```
Validity  : 96.25%  (1232/1280)
Uniqueness: 94.89%  (1169 unique SMILES)
```

**INFER_THRESHOLD = 0.75**

```
Validity  : 60.39%  (773/1280)
Uniqueness: 94.44%  (730 unique SMILES)
```
