# 5차 학습

```
Device: cuda
Log: train.log
Loading datasets ...
  Train: 100,000  Val: 20,000
  Warmup: 10 epochs (7,820 steps), then 4 cosine cycles

 Epoch   Beta   T-loss  T-recon  T-exist   T-type     T-kl  T-apred   V-loss  V-recon  V-apred  Time
--------------------------------------------------------------------------------------------------------------
     1  0.000   6.6317   1.5110   1.1008   0.4102 523.6032   5.1207   2.9575   1.4609   1.4967  574.1s
     2  0.000   2.4285   1.4581   1.0815   0.3766 271.2613   0.9704   1.8021   1.4579   0.3442  592.3s
     3  0.000   2.0014   1.7068   1.1870   0.5198 251.5291   0.2946   2.2465   2.0676   0.1789  598.2s
     4  0.000   2.1894   2.0684   1.3346   0.7338 238.4504   0.1209   2.1589   2.0677   0.0913  637.9s
     5  0.000   2.1565   2.0672   1.3340   0.7332 231.8036   0.0893   2.1602   2.0678   0.0924  622.0s
     6  0.000   2.1355   2.0597   1.3289   0.7308 218.4102   0.0759   2.1148   2.0515   0.0633  647.5s
     7  0.000   2.1259   2.0555   1.3260   0.7295 207.8348   0.0704   2.1121   2.0571   0.0550  648.8s
     8  0.000   2.1060   2.0596   1.3280   0.7316 202.4692   0.0464   2.1068   2.0612   0.0455  616.7s
     9  0.000   2.1123   2.0607   1.3286   0.7321 192.6879   0.0516   2.1324   2.0594   0.0730  604.8s
    10  0.000   2.0975   2.0608   1.3287   0.7321 184.2105   0.0367   2.1048   2.0652   0.0396  605.6s
    11  0.000   2.0903   2.0607   1.3283   0.7325 177.1185   0.0295   2.0915   2.0575   0.0340  613.1s
    12  0.010   3.0424   2.0499   1.3226   0.7273  63.3860   0.3787   2.5010   2.0273   0.0853  616.5s
    13  0.038   3.3506   2.0580   1.3290   0.7290  24.7273   0.3532   3.0301   2.0580   0.1008  613.7s
    14  0.083   4.0603   2.0571   1.3287   0.7284  19.2683   0.4094   3.8364   2.0616   0.2837  618.0s
    15  0.140   4.8230   2.0536   1.3272   0.7264  16.5386   0.4473   4.4710   2.0586   0.1417  619.7s
    16  0.207   5.7275   2.0341   1.3164   0.7178  15.4000   0.5120   5.3434   2.0478   0.1967  614.3s
    17  0.276   6.6984   2.0651   1.3331   0.7320  14.7630   0.5568   6.3651   2.0680   0.1908  617.7s
    18  0.344   7.6425   2.0679   1.3346   0.7333  14.5106   0.5880   7.1955   2.0676   0.1785  621.2s
    19  0.404   8.4790   2.0679   1.3346   0.7333  14.3328   0.6219   8.0813   2.0679   0.2267  624.7s
    20  0.452   9.1555   2.0679   1.3346   0.7333  14.2187   0.6572   8.7255   2.0675   0.2033  625.8s
    21  0.485   9.5928   2.0679   1.3346   0.7333  14.1230   0.6764   9.1981   2.0677   0.2695  627.5s
    22  0.499   9.7817   2.0679   1.3346   0.7333  14.0640   0.6903   9.3152   2.0677   0.2350  628.7s
    23  0.500   9.7764   2.0679   1.3346   0.7333  14.0284   0.6943   9.3640   2.0676   0.2275  628.3s
    24  0.500   9.7651   2.0679   1.3346   0.7333  14.0085   0.6929   9.3018   2.0678   0.2239  663.3s
    25  0.500   9.7520   2.0679   1.3346   0.7333  13.9761   0.6961   9.2980   2.0676   0.2176  658.9s
    26  0.500   9.7368   2.0679   1.3346   0.7333  13.9427   0.6976   9.3579   2.0677   0.2310  626.3s
    27  0.500   9.7341   2.0679   1.3346   0.7333  13.9232   0.7046   9.2839   2.0677   0.2110  641.5s
    28  0.500   9.7235   2.0679   1.3346   0.7332  13.8943   0.7085   9.3026   2.0676   0.2113  658.5s
    29  0.500   9.7161   2.0679   1.3346   0.7333  13.8478   0.7244   9.3126   2.0676   0.2116  677.4s
    30  0.500   9.7067   2.0679   1.3346   0.7333  13.8138   0.7320   9.2914   2.0676   0.2514  668.1s
    31  0.500   9.7003   2.0679   1.3346   0.7333  13.7737   0.7456   9.2955   2.0676   0.2636  649.7s
    32  0.500   9.6934   2.0679   1.3346   0.7333  13.7456   0.7528   9.1835   2.0677   0.2462  671.5s
    33  0.500   9.6735   2.0679   1.3346   0.7333  13.6934   0.7590   9.1807   2.0676   0.2821  683.8s
    34  0.002   2.2827   2.0679   1.3346   0.7333  32.4837   0.1357   2.1941   2.0676   0.0483  630.4s
    35  0.022   2.6283   2.0678   1.3346   0.7332  18.7172   0.1559   2.5163   2.0676   0.0539  631.0s
    36  0.058   3.2352   2.0678   1.3346   0.7332  16.7046   0.1903   3.1075   2.0676   0.0606  631.4s
    37  0.110   4.0726   2.0678   1.3346   0.7332  15.8517   0.2579   3.9070   2.0675   0.0892  632.1s
    38  0.173   5.0261   2.0678   1.3346   0.7332  15.0595   0.3568   4.7460   2.0676   0.1054  633.0s
    39  0.241   5.9982   2.0679   1.3346   0.7333  14.5514   0.4194   5.7144   2.0676   0.1209  635.4s
    40  0.310   6.9902   2.0678   1.3346   0.7332  14.3453   0.4684   6.6710   2.0676   0.1380  667.5s
    41  0.375   7.9073   2.0678   1.3346   0.7332  14.1924   0.5173   7.5695   2.0676   0.1560  684.3s
    42  0.430   8.6811   2.0678   1.3346   0.7332  14.0770   0.5625   8.3100   2.0677   0.1687  674.7s
    43  0.471   9.2473   2.0678   1.3346   0.7332  13.9752   0.6008   8.8580   2.0676   0.1785  682.4s
    44  0.495   9.5737   2.0678   1.3346   0.7332  13.8957   0.6339   9.1424   2.0676   0.1804  683.5s
    45  0.500   9.6372   2.0678   1.3346   0.7332  13.8213   0.6588   9.2259   2.0676   0.2230  637.8s
    46  0.500   9.6333   2.0678   1.3346   0.7332  13.7737   0.6786   9.2134   2.0677   0.2187  635.2s
```
