# 6차 학습

```
Device: cuda
Log: train.log
Loading datasets ...
  Train: 100,000  Val: 20,000
  Warmup: 10 epochs (7,820 steps), then 4 cosine cycles

 Epoch   Beta   T-loss  T-recon  T-exist   T-type     T-kl  T-apred   V-loss  V-recon     V-kl  V-apred  Time
------------------------------------------------------------------------------------------------------------------------
     1  0.000   6.6193   1.5717   1.1294   0.4423 374.9635   5.0476   2.5146   1.4783 214.1569   1.0364  570.6s
     2  0.000   2.0928   1.5202   1.1032   0.4170 204.0514   0.5726   1.9631   1.6058 167.8830   0.3574  595.2s
     3  0.000   1.8215   1.5996   1.1245   0.4751 166.3307   0.2219   1.6958   1.5941 162.8718   0.1017  602.7s
     4  0.000   1.7173   1.5928   1.1233   0.4695 157.7685   0.1245   1.7302   1.5919 156.7731   0.1383  597.8s
     5  0.000   1.6813   1.5919   1.1233   0.4686 146.6902   0.0894   1.6559   1.5842 144.3031   0.0717  599.7s
     6  0.000   1.6481   1.5782   1.1185   0.4597 135.0614   0.0699   1.6893   1.5731 134.7696   0.1162  609.3s
     7  0.000   1.6575   1.5876   1.1224   0.4652 124.6523   0.0699   1.6762   1.5863 122.1585   0.0899  608.3s
```

```
Device: cuda
Log: train.log
Loading datasets ...
  Train: 100,000  Val: 20,000
  Warmup: 10 epochs (7,820 steps), then 4 cosine cycles

 Epoch   Beta   T-loss  T-recon  T-exist   T-type     T-kl  T-apred   V-loss  V-recon     V-kl  V-apred  Time
------------------------------------------------------------------------------------------------------------------------
     1  0.000   6.8901   1.8409   1.2355   0.6054 455.3957   5.0492   3.0137   1.6009 208.6737   1.4128  500.9s
     2  0.000   2.4571   1.7259   1.1842   0.5417 207.3712   0.7312   1.8214   1.5942 184.6590   0.2272  503.3s
     3  0.000   1.7936   1.5973   1.1245   0.4728 172.3625   0.1963   1.7350   1.5848 167.7573   0.1503  501.0s
     4  0.000   1.6942   1.5788   1.1185   0.4603 163.1437   0.1154   1.6998   1.5751 160.4163   0.1247  500.2s
     5  0.000   1.6852   1.5723   1.1173   0.4550 152.9698   0.1129   1.6553   1.5675 153.2562   0.0878  500.7s
     6  0.000   1.6068   1.5291   1.1066   0.4225 145.4865   0.0777   1.5218   1.4740 145.3850   0.0478  502.0s
     7  0.000   1.7300   1.5725   1.1291   0.4434 158.9085   0.1575   1.5887   1.4720 192.2308   0.1167  499.2s
     8  0.000   1.6640   1.5183   1.1079   0.4104 125.4941   0.1457   1.5843   1.4626 104.4734   0.1217  501.0s
     9  0.000   1.4870   1.4302   1.0799   0.3503 101.4426   0.0568   1.4960   1.4311 110.2722   0.0648  503.5s
    10  0.000   1.4356   1.3951   1.0681   0.3270 100.2383   0.0405   1.4243   1.3816  99.0175   0.0427  501.6s
    11  0.000   1.4114   1.3606   1.0455   0.3151  96.3097   0.0508   1.3065   1.2755 100.6676   0.0311  500.4s
    12  0.010   2.3026   1.3618   1.0093   0.3525  62.7644   0.3329   1.8716   1.3530  45.6171   0.0768  499.3s
    13  0.038   2.6823   1.3390   0.9763   0.3627  25.6955   0.3672   2.2497   1.2953  22.6844   0.0927  500.8s
    14  0.083   3.1654   1.2590   0.8936   0.3655  18.9500   0.3389   2.8101   1.1413  18.6541   0.1258  500.0s
    15  0.140   3.9820   1.1648   0.7944   0.3704  16.9677   0.4349   3.8104   1.2155  16.5550   0.2705  500.3s
    16  0.207   4.9267   1.1603   0.7834   0.3770  15.7381   0.5151   4.9625   1.5288  15.6883   0.1927  502.8s
    17  0.276   5.9310   1.1692   0.7878   0.3814  15.0622   0.6026   5.4222   1.1130  14.8255   0.2154  502.1s
    18  0.344   6.8036   1.1503   0.7708   0.3795  14.6028   0.6350   6.3462   1.0984  14.5699   0.2408  502.9s
    19  0.404   7.6127   1.1387   0.7598   0.3789  14.4060   0.6552   7.1433   1.0933  14.3729   0.2446  507.6s
    20  0.452   8.2649   1.1291   0.7521   0.3771  14.2743   0.6802   7.7933   1.0834  14.3438   0.2229  500.9s
    21  0.485   8.7177   1.1368   0.7588   0.3780  14.1928   0.6985   8.2847   1.1185  14.3139   0.2251  504.5s
    22  0.499   8.9049   1.1366   0.7597   0.3769  14.1404   0.7067   8.4183   1.0855  14.2320   0.2255  503.6s
    23  0.500   8.8818   1.1220   0.7461   0.3759  14.1145   0.7025   8.4020   1.0726  14.2066   0.2261  501.7s
    24  0.500   8.8877   1.1268   0.7503   0.3765  14.1155   0.7031   8.3994   1.0738  14.1615   0.2449  501.7s
    25  0.500   8.9211   1.1615   0.7803   0.3813  14.1030   0.7081   8.3717   1.0896  14.1162   0.2240  501.0s
    26  0.500   8.8510   1.1203   0.7457   0.3746  14.0830   0.6892   8.3238   1.0668  14.0493   0.2324  503.0s
    27  0.500   8.8217   1.1046   0.7320   0.3726  14.0591   0.6876   8.4036   1.0626  14.2058   0.2381  503.4s
    28  0.500   8.8012   1.0994   0.7282   0.3712  14.0400   0.6818   8.3779   1.0657  14.1821   0.2212  505.2s
    29  0.500   8.7954   1.0968   0.7269   0.3698  14.0308   0.6832   8.3949   1.0535  14.2437   0.2195  498.0s
    30  0.500   8.7773   1.0917   0.7232   0.3685  14.0239   0.6736   8.3907   1.0672  14.2317   0.2077  497.3s
    31  0.500   8.7743   1.0952   0.7261   0.3691  14.0111   0.6736   8.3391   1.0610  14.1136   0.2213  503.6s
    32  0.500   8.7570   1.0879   0.7202   0.3677  13.9936   0.6723   8.4019   1.0673  14.2328   0.2181  504.9s
    33  0.500   8.7713   1.0996   0.7298   0.3698  13.9954   0.6741   8.3139   1.0617  14.0828   0.2108  504.1s
    34  0.002   1.5185   1.2524   0.8670   0.3854  42.0846   0.1637   1.2228   1.0608  41.7985   0.0604  501.0s
    35  0.022   1.7543   1.1207   0.7514   0.3693  19.9990   0.2014   1.5571   1.0712  18.8767   0.0780  499.1s
    36  0.058   2.3311   1.1034   0.7359   0.3675  16.4380   0.2662   2.1074   1.0618  16.3903   0.0869  499.8s
    37  0.110   3.2278   1.1419   0.7689   0.3730  15.7391   0.3514   3.2616   1.2977  15.9976   0.2009  500.7s
    38  0.173   4.1875   1.1497   0.7743   0.3753  15.0854   0.4319   3.9193   1.1811  14.9156   0.1615  499.8s
    39  0.241   5.1885   1.1461   0.7704   0.3758  14.7547   0.4824   4.8015   1.0758  14.8086   0.1527  498.1s
    40  0.310   6.1948   1.1435   0.7672   0.3763  14.5179   0.5438   5.8061   1.0853  14.6170   0.1825  500.9s
    41  0.375   7.1310   1.1600   0.7820   0.3780  14.3464   0.5912   6.6709   1.0977  14.3555   0.1900  499.9s
    42  0.430   7.9034   1.1360   0.7610   0.3750  14.2753   0.6314   7.4670   1.1259  14.2774   0.2041  502.2s
    43  0.471   8.4156   1.1152   0.7431   0.3721  14.1442   0.6423   7.8762   1.0521  14.1016   0.1860  502.7s
    44  0.495   8.7056   1.0932   0.7247   0.3685  14.0853   0.6467   8.2515   1.0766  14.0782   0.2128  502.5s
    45  0.500   8.7612   1.0894   0.7217   0.3677  14.0455   0.6491   8.3149   1.0613  14.0641   0.2216  502.7s
    46  0.500   8.7389   1.0803   0.7137   0.3665  14.0268   0.6452   8.3082   1.0596  14.0983   0.1994  501.3s
    47  0.500   8.7341   1.0801   0.7137   0.3664  14.0238   0.6421   8.3089   1.0754  14.0492   0.2089  502.1s
    48  0.500   8.7642   1.0861   0.7185   0.3676  14.0525   0.6518   8.2941   1.0579  14.0538   0.2094  503.7s
    49  0.500   8.7260   1.0769   0.7104   0.3666  14.0164   0.6409   8.2653   1.0486  14.0395   0.1969  502.9s
    50  0.500   8.7041   1.0714   0.7063   0.3651  13.9954   0.6350   8.2443   1.0554  13.9827   0.1975  499.7s
    51  0.500   8.6807   1.0584   0.6951   0.3633  13.9816   0.6315   8.2453   1.0470  14.0091   0.1938  501.4s
    52  0.500   8.6957   1.0634   0.6997   0.3637  13.9983   0.6331   8.2723   1.0433  14.0224   0.2178  501.5s
    53  0.500   8.6702   1.0541   0.6917   0.3624  13.9720   0.6301   8.2214   1.0390  13.9567   0.2041  500.4s
    54  0.500   8.6637   1.0521   0.6905   0.3616  13.9612   0.6310   8.2562   1.0573  14.0128   0.1925  502.4s
    55  0.500   8.6618   1.0493   0.6884   0.3609  13.9571   0.6340   8.2188   1.0334  13.9833   0.1938  503.5s
    56  0.000   1.0463   1.0031   0.6570   0.3461  14.8679   0.0433   1.0070   0.9739  15.4144   0.0331  501.1s
```

**Epoch 50**

| Threshold | Validity | Uniqueness |
| --- | --- | --- |
| 0.7 | 3.75% (48/1280) | 100.00% (48 unique SMILES) |
| 0.8 | 19.92% (255/1280) | 99.22% (253 unique SMILES) |
| 0.85 | 24.37% (312/1280) | 98.40% (307 unique SMILES) |
| 0.9 | 25.16% (322/1280) | 99.69% (321 unique SMILES) |
| 0.95 | 31.41% (402/1280) | 99.75% (401 unique SMILES) |
| 0.97 | 36.56% (468/1280) | 99.57% (466 unique SMILES) |
| 0.98 | 46.02% (589/1280) | 99.15% (584 unique SMILES) |
| 0.99 | 72.19% (924/1280) | 98.70% (912 unique SMILES) |
| 0.995 | 90.47% (1158/1280) | 98.53% (1141 unique SMILES) |
| 0.997 | 97.81% (1252/1280) | 97.76% (1224 unique SMILES) |
| 0.998 | 99.61% (1275/1280) | 97.88% (1248 unique SMILES) |
| 0.999 | 100.00% (1280/1280) | 98.12% (1256 unique SMILES) |

**Epoch 60**

| Threshold | Validity | Uniqueness |
| --- | --- | --- |
| 0.7 | 1.80% (23/1280) | 100.00% (23 unique SMILES) |
| 0.8 | 20.39% (261/1280) | 99.62% (260 unique SMILES) |
| 0.85 | 21.64% (277/1280) | 100.00% (277 unique SMILES) |
| 0.9 | 23.75% (304/1280) | 99.34% (302 unique SMILES) |
| 0.95 | 30.08% (385/1280) | 100.00% (385 unique SMILES) |
| 0.97 | 29.69% (380/1280) | 99.21% (377 unique SMILES) |
| 0.98 | 39.84% (510/1280) | 99.80% (509 unique SMILES) |
| 0.99 | 66.33% (849/1280) | 98.70% (838 unique SMILES) |
| 0.995 | 91.02% (1165/1280) | 98.63% (1149 unique SMILES) |
| 0.997 | 98.44% (1260/1280) | 98.73% (1244 unique SMILES) |
| 0.998 | 99.61% (1275/1280) | 98.27% (1253 unique SMILES) |
| 0.999 | 100.00% (1280/1280) | 98.05% (1255 unique SMILES) |

**Epoch 70**

| Threshold | Validity | Uniqueness |
| --- | --- | --- |
| 0.7 | 3.12% (40/1280) | 100% (40 unique SMILES) |
| 0.8 | 16.09% (206/1280) | 100.00% (206 unique SMILES) |
| 0.85 | 16.56% (212/1280) | 100.00% (212 unique SMILES) |
| 0.9 | 21.64% (277/1280) | 98.56% (273 unique SMILES) |
| 0.95 | 25.62% (328/1280) | 99.70% (327 unique SMILES) |
| 0.97 | 28.20% (361/1280) | 99.72% (360 unique SMILES) |
| 0.98 | 35.08% (449/1280) | 99.78% (448 unique SMILES) |
| 0.99 | 61.48% (787/1280) | 99.49% (784 unique SMILES) |
| 0.995 | 92.34% (1182/1280) | 97.88% (1157 unique SMILES) |
| 0.997 | 99.22% (1270/1280) | 98.27% (1248 unique SMILES) |
| 0.998 | 99.92% (1279/1280) | 98.28% (1257 unique SMILES) |
| 0.999 | 100.00% (1280/1280) | 98.05% (1255 unique SMILES) |

# Diffusion (v1)
