Device: cuda
Log: ./train_c1_feature.log
Loading datasets ...
  Train: 1,549,602  Val: 193,700
Building size distribution ...
  Size range: 6 ~ 50 atoms  (median 29)
Computing marginal class distributions (node/edge) ...
  m_X: [0.0, 0.7424461245536804, 0.09813539683818817, 0.11735163629055023, 0.012819983996450901, 0.00039847753942012787, 0.017244458198547363, 0.009797051548957825, 0.0015939101576805115, 0.00021297937200870365]
  m_E: [0.9272449612617493, 0.05248565226793289, 0.02004554122686386, 0.00022381941380444914]
  [G-2] ./checkpoints_c4_a1/best.pt에서 가중치만 로드 (optimizer/scheduler/epoch는 새로 시작)
  [G-5] 새 아키텍처 파라미터(zero-init 유지): ['net.cycle_proj.weight', 'net.cycle_proj.bias']
  Parameters: 5,756,100

 Epoch    T-loss      T-x      T-e    V-loss      V-x      V-e  Time
------------------------------------------------------------------------------------------
Device: cuda
Log: ./train_c1_feature.log
Loading datasets ...
  Train: 150,000  Val: 30,000
Building size distribution ...
  Size range: 6 ~ 50 atoms  (median 29)
Computing marginal class distributions (node/edge) ...
  m_X: [0.0, 0.7424461245536804, 0.09813539683818817, 0.11735163629055023, 0.012819983996450901, 0.00039847753942012787, 0.017244458198547363, 0.009797051548957825, 0.0015939101576805115, 0.00021297937200870365]
  m_E: [0.9272449612617493, 0.05248565226793289, 0.02004554122686386, 0.00022381941380444914]
  [G-2] ./checkpoints_c4_a1/best.pt에서 가중치만 로드 (optimizer/scheduler/epoch는 새로 시작)
  [G-5] 새 아키텍처 파라미터(zero-init 유지): ['net.cycle_proj.weight', 'net.cycle_proj.bias']
  Parameters: 5,756,100

 Epoch    T-loss      T-x      T-e    V-loss      V-x      V-e  Time
------------------------------------------------------------------------------------------
     1    1.4733   0.5055   0.1925    1.3929   0.5078   0.1768  1307.6s
     2    1.4888   0.5110   0.1945    1.3994   0.5104   0.1775  1351.8s
     3    1.4832   0.5087   0.1938    1.3945   0.5079   0.1771  1397.3s
     4    1.4839   0.5093   0.1939    1.3967   0.5090   0.1773  1384.1s
     5    1.4792   0.5074   0.1933    1.3932   0.5083   0.1768  1355.8s
     6    1.4791   0.5082   0.1932    1.4034   0.5115   0.1782  1408.0s
     7    1.4810   0.5084   0.1935    1.3868   0.5043   0.1763  1369.2s
     8    1.4825   0.5084   0.1939    1.3942   0.5075   0.1772  1419.6s
     9    1.4789   0.5077   0.1933    1.3920   0.5074   0.1767  1415.1s
    10    1.4772   0.5070   0.1931    1.3921   0.5061   0.1771  1477.7s
    [EMA] valid(strict)=0.703 valid(frag)=0.945 valid(single)=0.668 atomViolRate=0.002 meanViol/mol=0.06 fragRatio=0.914 uniq=1.000
    [EMA] singleFragRate=0.719(ref 0.968) ringCount=3.79(ref 3.69) ring56Rate=0.664(ref 0.967) degree=2.17(ref 2.19) QED=0.562(ref 0.538)
    [EMA] t=10  atom=0.995 bond=0.991 nobond=1.000 P(b|bond)=0.989 P(b|nobond)=0.001 CE=0.004(ref 0.308) | t=40  atom=0.946 bond=0.825 nobond=0.995 P(b|bond)=0.794 P(b|nobond)=0.015 CE=0.065(ref 0.308) | t=75  atom=0.797 bond=0.313 nobond=0.985 P(b|bond)=0.312 P(b|nobond)=0.050 CE=0.216(ref 0.308) | t=110 atom=0.748 bond=0.000 nobond=1.000 P(b|bond)=0.093 P(b|nobond)=0.065 CE=0.296(ref 0.308)
    [RAW] valid(strict)=0.680 valid(frag)=0.949 valid(single)=0.559 atomViolRate=0.002 meanViol/mol=0.06 fragRatio=0.878 uniq=1.000
    [RAW] singleFragRate=0.586(ref 0.968) ringCount=2.83(ref 3.69) ring56Rate=0.694(ref 0.967) degree=2.10(ref 2.19) QED=0.498(ref 0.538)
    [RAW] t=10  atom=0.996 bond=0.997 nobond=1.000 P(b|bond)=0.993 P(b|nobond)=0.000 CE=0.002(ref 0.308) | t=40  atom=0.942 bond=0.814 nobond=0.995 P(b|bond)=0.769 P(b|nobond)=0.012 CE=0.071(ref 0.308) | t=75  atom=0.779 bond=0.240 nobond=0.992 P(b|bond)=0.279 P(b|nobond)=0.039 CE=0.217(ref 0.308) | t=110 atom=0.749 bond=0.000 nobond=1.000 P(b|bond)=0.070 P(b|nobond)=0.048 CE=0.302(ref 0.308)
    11    1.4764   0.5065   0.1931    1.3944   0.5075   0.1772  1380.3s
    12    1.4735   0.5057   0.1927    1.3835   0.5023   0.1761  1389.8s
    13    1.4748   0.5057   0.1929    1.3928   0.5063   0.1772  1458.7s
    14    1.4730   0.5047   0.1928    1.3862   0.5027   0.1766  1453.7s
    15    1.4772   0.5062   0.1934    1.3884   0.5043   0.1767  1408.3s
    16    1.4736   0.5046   0.1930    1.3956   0.5059   0.1779  1424.8s
    17    1.4753   0.5052   0.1932    1.3942   0.5053   0.1777  1410.7s
    18    1.4732   0.5048   0.1929    1.3805   0.4988   0.1763  1396.0s
    19    1.4707   0.5041   0.1926    1.3899   0.5020   0.1775  1424.7s
    20    1.4673   0.5026   0.1922    1.3832   0.5004   0.1765  1401.0s
    [EMA] valid(strict)=0.801 valid(frag)=0.965 valid(single)=0.785 atomViolRate=0.002 meanViol/mol=0.05 fragRatio=0.945 uniq=1.000
    [EMA] singleFragRate=0.816(ref 0.968) ringCount=3.86(ref 3.69) ring56Rate=0.638(ref 0.967) degree=2.17(ref 2.19) QED=0.552(ref 0.538)
    [EMA] t=10  atom=0.995 bond=0.993 nobond=1.000 P(b|bond)=0.994 P(b|nobond)=0.000 CE=0.002(ref 0.308) | t=40  atom=0.942 bond=0.850 nobond=0.995 P(b|bond)=0.813 P(b|nobond)=0.014 CE=0.061(ref 0.308) | t=75  atom=0.800 bond=0.345 nobond=0.984 P(b|bond)=0.327 P(b|nobond)=0.052 CE=0.218(ref 0.308) | t=110 atom=0.748 bond=0.000 nobond=1.000 P(b|bond)=0.097 P(b|nobond)=0.068 CE=0.297(ref 0.308)
    [RAW] valid(strict)=0.766 valid(frag)=0.965 valid(single)=0.730 atomViolRate=0.001 meanViol/mol=0.04 fragRatio=0.927 uniq=1.000
    [RAW] singleFragRate=0.766(ref 0.968) ringCount=3.69(ref 3.69) ring56Rate=0.649(ref 0.967) degree=2.16(ref 2.19) QED=0.543(ref 0.538)
    [RAW] t=10  atom=0.994 bond=0.993 nobond=1.000 P(b|bond)=0.991 P(b|nobond)=0.001 CE=0.003(ref 0.308) | t=40  atom=0.941 bond=0.828 nobond=0.994 P(b|bond)=0.796 P(b|nobond)=0.014 CE=0.063(ref 0.308) | t=75  atom=0.813 bond=0.319 nobond=0.987 P(b|bond)=0.312 P(b|nobond)=0.047 CE=0.214(ref 0.308) | t=110 atom=0.748 bond=0.000 nobond=1.000 P(b|bond)=0.085 P(b|nobond)=0.059 CE=0.298(ref 0.308)

Done. Best val loss: 1.3805
