run_id=20260921T062333.234995237+0000_python_pid1828698
started_at=2026-09-21T06:23:33+00:00
pid=1828698
hostname=cbgpu
cwd=/home/cbgpu/molecule-AI/s1_size_predictor
command=python -u train_s1.py --processed-dir ../data/processed_ext7 --max-samples 500000 --epochs 20 --batch-size 64 --num-workers 0 --save-dir ./checkpoints_s1 
launcher_log=/home/cbgpu/molecule-AI/s1_size_predictor/runs/20260921T062333.234995237+0000_python_pid1828698/launcher_20260921T062333.234995237+0000.log
launcher_sha256=020983e0cab883d88325e111fc647e09a56314503d1aeb8f6ec6745bca0a9064
Device: cuda
Loading datasets ...
  Train: 500,000  Val: 100,000
  size range [2,50] 밖 비율: 0.64%
  Parameters: 175,281

 Epoch    T-loss    T-acc    V-loss    V-acc
--------------------------------------------------
     1    2.5814   11.02%    6.5688    1.19%
     2    2.1911   12.73%    6.4503    3.00%
     3    1.8041   23.05%   11.2204    1.97%
     4    1.6638   29.12%   10.0293    2.92%
     5    1.8699   26.14%    7.1375    1.69%
     6    2.0032   20.87%    7.8126    2.81%
     7    2.0097   17.51%    6.7225    1.17%
     8    1.8082   22.27%    8.3139    1.27%
     9    2.1501   13.10%    6.6372    1.76%
    10    2.2859    8.53%    4.9303    3.78%
    11    2.3021    8.67%    4.3638    2.45%
    12    2.5244    4.87%    4.9824    3.49%
    13    2.5335    5.20%    4.9722    3.02%
    14    2.5637    4.93%    3.5689    5.74%
    15    2.7427    3.26%    3.2437    5.33%
    16    2.9119    3.16%    3.2591    6.92%
    17    2.9833    3.98%    2.9484    7.65%
    18    3.0063    4.63%    2.8129    9.52%
    19    2.9835    7.22%    2.7629   10.50%
    20    2.9659    8.35%    2.7553   10.78%

Done. Best val acc: 10.78%
ended_at=2026-09-21T14:42:59+00:00
exit_code=0
