/home/cbgpu/molecule-AI/d2_xtb_spotcheck.py:24: FutureWarning: You are using `torch.load` with `weights_only=False` (the current default value), which uses the default pickle module implicitly. It is possible to construct malicious pickle data which will execute arbitrary code during unpickling (See https://github.com/pytorch/pytorch/blob/main/SECURITY.md#untrusted-models for more details). In a future release, the default value for `weights_only` will be flipped to `True`. This limits the functions that could be executed during unpickling. Arbitrary objects will no longer be allowed to be loaded via this mode unless they are explicitly allowlisted by the user via `torch.serialization.add_safe_globals`. We recommend you start setting `weights_only=True` for any use case where you don't have full control of the loaded file. Please open an issue on GitHub for any issues related to this experimental feature.
  sd_gen = torch.load("checkpoints_c4/best.pt", map_location=device)
/home/cbgpu/molecule-AI/d2_xtb_spotcheck.py:29: FutureWarning: You are using `torch.load` with `weights_only=False` (the current default value), which uses the default pickle module implicitly. It is possible to construct malicious pickle data which will execute arbitrary code during unpickling (See https://github.com/pytorch/pytorch/blob/main/SECURITY.md#untrusted-models for more details). In a future release, the default value for `weights_only` will be flipped to `True`. This limits the functions that could be executed during unpickling. Arbitrary objects will no longer be allowed to be loaded via this mode unless they are explicitly allowlisted by the user via `torch.serialization.add_safe_globals`. We recommend you start setting `weights_only=True` for any use case where you don't have full control of the loaded file. Please open an issue on GitHub for any issues related to this experimental feature.
  reg_ckpt = torch.load("c1_regressor.pt", map_location=device)
생성 성공: 32/32
Running xtb on 32 molecules with 32 workers...
xtb succeeded on 23/32

=== LUMO 쌍 차이 (xtb 보정값 - GNN 추정값), n=23 ===
mean=-0.00669  SD=0.02499  SE=0.00521  95%CI=[-0.01690,+0.00352]
0 포함 여부: 포함(계통 편향 근거 없음)

개별 쌍 (label, gnn_lumo, xtb_raw, xtb_corrected, diff):
  10th   gnn=-0.0336  xtb_raw=-0.3248  xtb_corr=-0.0360  diff=-0.0024
  90th   gnn=+0.0538  xtb_raw=-0.2228  xtb_corr=+0.0660  diff=+0.0122
  90th   gnn=+0.0362  xtb_raw=-0.2769  xtb_corr=+0.0119  diff=-0.0243
  10th   gnn=-0.0130  xtb_raw=-0.2758  xtb_corr=+0.0130  diff=+0.0260
  90th   gnn=+0.0184  xtb_raw=-0.2690  xtb_corr=+0.0198  diff=+0.0014
  90th   gnn=+0.0439  xtb_raw=-0.2563  xtb_corr=+0.0325  diff=-0.0114
  10th   gnn=-0.0230  xtb_raw=-0.3384  xtb_corr=-0.0496  diff=-0.0266
  90th   gnn=+0.0574  xtb_raw=-0.2567  xtb_corr=+0.0321  diff=-0.0253
  10th   gnn=+0.0208  xtb_raw=-0.2566  xtb_corr=+0.0322  diff=+0.0115
  90th   gnn=+0.1042  xtb_raw=-0.1153  xtb_corr=+0.1735  diff=+0.0693
  10th   gnn=-0.0375  xtb_raw=-0.3122  xtb_corr=-0.0234  diff=+0.0141
  10th   gnn=-0.0185  xtb_raw=-0.3314  xtb_corr=-0.0426  diff=-0.0241
  10th   gnn=+0.0089  xtb_raw=-0.3175  xtb_corr=-0.0287  diff=-0.0376
  90th   gnn=+0.0737  xtb_raw=-0.2644  xtb_corr=+0.0244  diff=-0.0493
  10th   gnn=+0.0001  xtb_raw=-0.3143  xtb_corr=-0.0255  diff=-0.0256
  10th   gnn=-0.0024  xtb_raw=-0.3167  xtb_corr=-0.0279  diff=-0.0255
  90th   gnn=+0.0515  xtb_raw=-0.2392  xtb_corr=+0.0496  diff=-0.0019
  10th   gnn=+0.0188  xtb_raw=-0.2640  xtb_corr=+0.0248  diff=+0.0061
  90th   gnn=+0.0200  xtb_raw=-0.2722  xtb_corr=+0.0166  diff=-0.0034
  90th   gnn=+0.0298  xtb_raw=-0.2790  xtb_corr=+0.0098  diff=-0.0200
  10th   gnn=+0.0027  xtb_raw=-0.3179  xtb_corr=-0.0291  diff=-0.0318
  10th   gnn=-0.0539  xtb_raw=-0.3302  xtb_corr=-0.0414  diff=+0.0125
  90th   gnn=-0.0094  xtb_raw=-0.2957  xtb_corr=-0.0069  diff=+0.0024

DONE
