Device: cuda
Log: train_c4.log
Loading datasets ...
  Train: 150,000  Val: 30,000
Building size distribution ...
  Size range: 6 ~ 50 atoms  (median 29)
Computing marginal class distributions (node/edge) ...
  m_X: [0.0, 0.7424461245536804, 0.09813539683818817, 0.11735163629055023, 0.012819983996450901, 0.00039847753942012787, 0.017244458198547363, 0.009797051548957825, 0.0015939101576805115, 0.00021297937200870365]
  m_E: [0.9272449612617493, 0.05248565226793289, 0.02004554122686386, 0.00022381941380444914]
  Parameters: 5,636,799

 Epoch    T-loss      T-x      T-e    V-loss      V-x      V-e  Time
------------------------------------------------------------------------------------------
     1    1.5472   0.5434   0.2008    1.4457   0.5354   0.1821   954.6s
     2    1.5244   0.5340   0.1981    1.4221   0.5263   0.1792   870.6s
     3    1.5176   0.5314   0.1972    1.4199   0.5267   0.1787   887.8s
     4    1.5120   0.5299   0.1964    1.4165   0.5255   0.1782   853.2s
     5    1.5093   0.5293   0.1960    1.4220   0.5271   0.1790   885.9s
     6    1.5079   0.5284   0.1959    1.4180   0.5257   0.1785   891.6s
     7    1.5077   0.5277   0.1960    1.4192   0.5269   0.1785   952.0s
     8    1.5022   0.5263   0.1952    1.4194   0.5260   0.1787   936.8s
     9    1.5028   0.5262   0.1953    1.4162   0.5252   0.1782   916.2s
    10    1.5010   0.5260   0.1950    1.4137   0.5241   0.1779   931.0s
    11    1.5003   0.5254   0.1950    1.4052   0.5219   0.1766   958.0s
    12    1.4986   0.5248   0.1947    1.4162   0.5249   0.1783   911.8s
    13    1.4987   0.5244   0.1949    1.4111   0.5230   0.1776   918.7s
    14    1.5013   0.5255   0.1952    1.4083   0.5215   0.1774   975.2s
    15    1.4980   0.5247   0.1947    1.4115   0.5226   0.1778   967.3s
    16    1.5006   0.5250   0.1951    1.4106   0.5232   0.1775   925.0s
    17    1.5019   0.5253   0.1953    1.4083   0.5219   0.1773   894.4s
    18    1.4980   0.5241   0.1948    1.4023   0.5202   0.1764   892.5s
    19    1.4962   0.5233   0.1946    1.4054   0.5204   0.1770   930.7s
    20    1.4998   0.5248   0.1950    1.4088   0.5223   0.1773   934.1s
    21    1.4996   0.5245   0.1950    1.4089   0.5228   0.1772   955.9s
    22    1.4939   0.5224   0.1943    1.4102   0.5229   0.1774   913.8s
    23    1.4940   0.5227   0.1942    1.4106   0.5240   0.1773   907.4s
    24    1.4951   0.5229   0.1944    1.4077   0.5231   0.1769   920.6s
    25    1.4918   0.5221   0.1939    1.4047   0.5215   0.1766   929.0s

Done. Best val loss: 1.4023
