loaded n=200000 in 140.1s
descriptors n_valid=200000/200000 in 106.7s

=== condition A_topological(RotBonds+AromaticRings) ===
q=10 w=0.10 n=5794   [tanimoto] window=0.141 baseline=0.125±0.001 | rarefied(m=100) window=97.0±1.5 baseline=98.8±1.1
q=10 w=0.20 n=16907  [tanimoto] window=0.140 baseline=0.125±0.001 | rarefied(m=100) window=98.5±1.1 baseline=98.6±1.3
q=10 w=0.30 n=25016  [tanimoto] window=0.139 baseline=0.126±0.001 | rarefied(m=100) window=98.8±1.0 baseline=98.4±1.3
q=10 w=0.40 n=94040  [tanimoto] window=0.134 baseline=0.126±0.001 | rarefied(m=100) window=99.5±0.7 baseline=98.6±1.1
q=30 w=0.10 n=5411   [tanimoto] window=0.143 baseline=0.125±0.001 | rarefied(m=100) window=96.0±1.9 baseline=98.8±0.9
q=30 w=0.20 n=16485  [tanimoto] window=0.143 baseline=0.126±0.001 | rarefied(m=100) window=97.7±1.7 baseline=98.8±1.3
q=30 w=0.30 n=26994  [tanimoto] window=0.140 baseline=0.125±0.001 | rarefied(m=100) window=97.6±1.6 baseline=98.8±1.1
q=30 w=0.40 n=98974  [tanimoto] window=0.135 baseline=0.126±0.001 | rarefied(m=100) window=98.7±1.1 baseline=98.9±1.1
q=50 w=0.10 n=5789   [tanimoto] window=0.144 baseline=0.125±0.001 | rarefied(m=100) window=97.0±1.8 baseline=98.7±1.3
q=50 w=0.20 n=15898  [tanimoto] window=0.144 baseline=0.125±0.001 | rarefied(m=100) window=98.1±1.2 baseline=98.8±1.1
q=50 w=0.30 n=24119  [tanimoto] window=0.142 baseline=0.126±0.001 | rarefied(m=100) window=98.8±1.1 baseline=98.6±1.3
q=50 w=0.40 n=93819  [tanimoto] window=0.136 baseline=0.126±0.001 | rarefied(m=100) window=99.5±0.7 baseline=98.9±1.2
q=70 w=0.10 n=1405   [tanimoto] window=0.145 baseline=0.126±0.001 | rarefied(m=100) window=75.6±3.8 baseline=98.6±1.4
q=70 w=0.20 n=4409   [tanimoto] window=0.141 baseline=0.125±0.001 | rarefied(m=100) window=78.4±3.9 baseline=98.6±1.5
q=70 w=0.30 n=7377   [tanimoto] window=0.138 baseline=0.125±0.001 | rarefied(m=100) window=79.2±3.5 baseline=98.8±1.4
q=70 w=0.40 n=50296  [tanimoto] window=0.133 baseline=0.126±0.001 | rarefied(m=100) window=95.8±1.9 baseline=98.7±1.2
q=90 w=0.10 n=2169   [tanimoto] window=0.140 baseline=0.125±0.001 | rarefied(m=100) window=79.3±3.9 baseline=98.6±1.4
q=90 w=0.20 n=6733   [tanimoto] window=0.135 baseline=0.126±0.001 | rarefied(m=100) window=83.5±4.0 baseline=98.6±1.5
q=90 w=0.30 n=10844  [tanimoto] window=0.133 baseline=0.126±0.001 | rarefied(m=100) window=83.8±4.5 baseline=98.5±1.5
q=90 w=0.40 n=62350  [tanimoto] window=0.126 baseline=0.126±0.001 | rarefied(m=100) window=96.5±2.0 baseline=98.6±1.2

=== condition B_continuous(HOMO+LUMO+LogP+TPSA+SAscore) ===
q=10 w=0.10 n=36     [tanimoto] window=0.185 baseline=0.126±0.006 | rarefied(m=36) window=14.0±0.0 baseline=35.6±0.7
q=10 w=0.20 n=741    [tanimoto] window=0.142 baseline=0.125±0.001 | rarefied(m=100) window=86.8±2.3 baseline=98.6±1.3
q=10 w=0.30 n=5165   [tanimoto] window=0.140 baseline=0.125±0.001 | rarefied(m=100) window=96.6±1.7 baseline=98.4±1.5
q=10 w=0.40 n=17645  [tanimoto] window=0.137 baseline=0.126±0.001 | rarefied(m=100) window=98.6±1.2 baseline=98.8±1.3
q=30 w=0.10 n=66     [tanimoto] window=0.170 baseline=0.124±0.006 | rarefied(m=66) window=27.0±0.0 baseline=65.2±0.8
q=30 w=0.20 n=2102   [tanimoto] window=0.145 baseline=0.126±0.001 | rarefied(m=100) window=93.2±2.2 baseline=98.7±1.3
q=30 w=0.30 n=10052  [tanimoto] window=0.141 baseline=0.126±0.001 | rarefied(m=100) window=97.9±1.3 baseline=98.8±1.2
q=30 w=0.40 n=26600  [tanimoto] window=0.137 baseline=0.125±0.001 | rarefied(m=100) window=99.0±1.1 baseline=98.7±1.3
q=50 w=0.10 n=91     [tanimoto] window=0.146 baseline=0.125±0.003 | rarefied(m=91) window=37.0±0.0 baseline=89.9±1.1
q=50 w=0.20 n=2181   [tanimoto] window=0.136 baseline=0.125±0.001 | rarefied(m=100) window=93.4±2.2 baseline=98.4±1.3
q=50 w=0.30 n=11493  [tanimoto] window=0.136 baseline=0.125±0.001 | rarefied(m=100) window=98.1±1.6 baseline=98.6±1.3
q=50 w=0.40 n=31936  [tanimoto] window=0.133 baseline=0.125±0.001 | rarefied(m=100) window=98.7±1.1 baseline=98.8±1.2
q=70 w=0.10 n=2      [tanimoto] window=1.000 baseline=0.128±0.043 | rarefied(m=2) window=1.0±0.0 baseline=2.0±0.0
q=70 w=0.20 n=13     [tanimoto] window=0.363 baseline=0.127±0.010 | rarefied(m=13) window=5.0±0.0 baseline=13.0±0.2
q=70 w=0.30 n=81     [tanimoto] window=0.214 baseline=0.125±0.003 | rarefied(m=81) window=24.0±0.0 baseline=80.2±0.9
q=70 w=0.40 n=245    [tanimoto] window=0.176 baseline=0.125±0.002 | rarefied(m=100) window=50.2±2.6 baseline=98.8±1.2
q=90 w=0.10 n=11     [tanimoto] window=0.347 baseline=0.125±0.010 | rarefied(m=11) window=5.0±0.0 baseline=11.0±0.2
q=90 w=0.20 n=196    [tanimoto] window=0.163 baseline=0.126±0.002 | rarefied(m=100) window=51.4±2.2 baseline=98.5±1.4
q=90 w=0.30 n=1022   [tanimoto] window=0.142 baseline=0.126±0.002 | rarefied(m=100) window=76.8±4.0 baseline=98.4±1.4
q=90 w=0.40 n=4328   [tanimoto] window=0.134 baseline=0.125±0.002 | rarefied(m=100) window=87.9±3.4 baseline=98.5±1.3

=== condition C_all7 ===
q=10 w=0.10 n=6      [tanimoto] window=0.357 baseline=0.118±0.021 | rarefied(m=6) window=3.0±0.0 baseline=6.0±0.0
q=10 w=0.20 n=200    [tanimoto] window=0.156 baseline=0.125±0.003 | rarefied(m=100) window=60.8±2.3 baseline=98.5±1.2
q=10 w=0.30 n=1700   [tanimoto] window=0.153 baseline=0.126±0.001 | rarefied(m=100) window=91.3±2.3 baseline=98.8±1.1
q=10 w=0.40 n=13646  [tanimoto] window=0.143 baseline=0.125±0.001 | rarefied(m=100) window=98.2±1.7 baseline=98.5±1.3
q=30 w=0.10  n_window=1     (표본 부족, 스킵)
q=30 w=0.20 n=78     [tanimoto] window=0.184 baseline=0.126±0.004 | rarefied(m=78) window=27.0±0.0 baseline=77.1±1.0
q=30 w=0.30 n=683    [tanimoto] window=0.165 baseline=0.126±0.001 | rarefied(m=100) window=79.6±3.1 baseline=98.8±1.2
q=30 w=0.40 n=11757  [tanimoto] window=0.145 baseline=0.125±0.001 | rarefied(m=100) window=97.5±1.2 baseline=98.7±1.1
q=50 w=0.10 n=2      [tanimoto] window=1.000 baseline=0.121±0.033 | rarefied(m=2) window=1.0±0.0 baseline=2.0±0.0
q=50 w=0.20 n=160    [tanimoto] window=0.168 baseline=0.125±0.004 | rarefied(m=100) window=53.3±2.2 baseline=98.3±1.4
q=50 w=0.30 n=1589   [tanimoto] window=0.151 baseline=0.126±0.001 | rarefied(m=100) window=92.2±2.3 baseline=98.9±1.1
q=50 w=0.40 n=18754  [tanimoto] window=0.142 baseline=0.125±0.001 | rarefied(m=100) window=98.2±1.3 baseline=98.7±1.3
q=70 w=0.10 n=2      [tanimoto] window=1.000 baseline=0.131±0.045 | rarefied(m=2) window=1.0±0.0 baseline=2.0±0.0
q=70 w=0.20 n=4      [tanimoto] window=0.871 baseline=0.124±0.024 | rarefied(m=4) window=1.0±0.0 baseline=4.0±0.0
q=70 w=0.30 n=9      [tanimoto] window=0.367 baseline=0.123±0.013 | rarefied(m=9) window=3.0±0.0 baseline=9.0±0.0
q=70 w=0.40 n=149    [tanimoto] window=0.177 baseline=0.125±0.002 | rarefied(m=100) window=38.8±1.6 baseline=98.3±1.6
q=90 w=0.10 n=4      [tanimoto] window=0.573 baseline=0.128±0.025 | rarefied(m=4) window=2.0±0.0 baseline=4.0±0.0
q=90 w=0.20 n=62     [tanimoto] window=0.188 baseline=0.125±0.004 | rarefied(m=62) window=24.0±0.0 baseline=61.6±0.6
q=90 w=0.30 n=427    [tanimoto] window=0.164 baseline=0.126±0.002 | rarefied(m=100) window=59.5±3.4 baseline=98.3±1.5
q=90 w=0.40 n=3198   [tanimoto] window=0.141 baseline=0.125±0.001 | rarefied(m=100) window=85.5±3.4 baseline=98.6±1.1
