loaded n=200000 in 132.4s
descriptors n_valid=200000/200000 in 113.3s
CKPT-free real-data control, pool_n=200000
q=10 w=0.02 n=160   [scaffold] unique window=65 baseline=157±2 | ratio window=0.406 baseline=0.980±0.015 | rarefied(m=100) window=57.6±2.1 baseline=98.4±1.2
        [heavy_std] window=5.95 baseline=7.34±0.48 | [ring_std] window=0.94 baseline=1.24±0.08 | [tanimoto] window=0.140 baseline=0.127±0.002
q=10 w=0.05 n=822   [scaffold] unique window=315 baseline=784±6 | ratio window=0.383 baseline=0.953±0.007 | rarefied(m=100) window=88.7±3.1 baseline=98.4±1.3
        [heavy_std] window=6.44 baseline=7.49±0.11 | [ring_std] window=1.00 baseline=1.27±0.04 | [tanimoto] window=0.132 baseline=0.125±0.001
q=10 w=0.10 n=3351  [scaffold] unique window=1166 baseline=3000±16 | ratio window=0.348 baseline=0.895±0.005 | rarefied(m=100) window=96.3±2.2 baseline=98.9±1.2
        [heavy_std] window=6.88 baseline=7.45±0.09 | [ring_std] window=1.08 baseline=1.27±0.02 | [tanimoto] window=0.130 baseline=0.125±0.001
q=30 w=0.02 n=297   [scaffold] unique window=122 baseline=289±3 | ratio window=0.411 baseline=0.972±0.010 | rarefied(m=100) window=74.9±2.6 baseline=98.7±1.1
        [heavy_std] window=6.70 baseline=7.45±0.29 | [ring_std] window=0.95 baseline=1.26±0.06 | [tanimoto] window=0.140 baseline=0.125±0.002
q=30 w=0.05 n=2139  [scaffold] unique window=787 baseline=1964±15 | ratio window=0.368 baseline=0.918±0.007 | rarefied(m=100) window=94.4±1.7 baseline=98.3±1.1
        [heavy_std] window=7.25 baseline=7.50±0.11 | [ring_std] window=1.13 baseline=1.27±0.03 | [tanimoto] window=0.137 baseline=0.126±0.001
q=30 w=0.10 n=8625  [scaffold] unique window=2915 baseline=7046±30 | ratio window=0.338 baseline=0.817±0.004 | rarefied(m=100) window=98.0±1.6 baseline=98.6±1.3
        [heavy_std] window=7.00 baseline=7.46±0.05 | [ring_std] window=1.13 baseline=1.27±0.01 | [tanimoto] window=0.133 baseline=0.125±0.001
q=50 w=0.02 n=410   [scaffold] unique window=165 baseline=398±4 | ratio window=0.402 baseline=0.971±0.010 | rarefied(m=100) window=80.7±3.0 baseline=98.8±1.2
        [heavy_std] window=6.44 baseline=7.50±0.26 | [ring_std] window=1.04 baseline=1.28±0.04 | [tanimoto] window=0.138 baseline=0.127±0.002
q=50 w=0.05 n=2366  [scaffold] unique window=904 baseline=2167±12 | ratio window=0.382 baseline=0.916±0.005 | rarefied(m=100) window=95.8±2.0 baseline=98.6±1.5
        [heavy_std] window=6.92 baseline=7.43±0.11 | [ring_std] window=1.11 baseline=1.26±0.02 | [tanimoto] window=0.134 baseline=0.126±0.001
q=50 w=0.10 n=9462  [scaffold] unique window=3193 baseline=7630±35 | ratio window=0.337 baseline=0.806±0.004 | rarefied(m=100) window=98.3±1.2 baseline=98.7±1.1
        [heavy_std] window=6.95 baseline=7.46±0.05 | [ring_std] window=1.11 baseline=1.27±0.01 | [tanimoto] window=0.133 baseline=0.125±0.001
q=70 w=0.02 n=252   [scaffold] unique window=97 baseline=246±2 | ratio window=0.385 baseline=0.975±0.010 | rarefied(m=100) window=67.6±3.3 baseline=98.9±1.1
        [heavy_std] window=7.12 baseline=7.48±0.31 | [ring_std] window=1.05 baseline=1.28±0.06 | [tanimoto] window=0.139 baseline=0.126±0.003
q=70 w=0.05 n=1412  [scaffold] unique window=533 baseline=1323±10 | ratio window=0.377 baseline=0.937±0.007 | rarefied(m=100) window=92.5±2.2 baseline=98.7±1.2
        [heavy_std] window=7.18 baseline=7.55±0.15 | [ring_std] window=1.13 baseline=1.28±0.04 | [tanimoto] window=0.136 baseline=0.126±0.001
q=70 w=0.10 n=5430  [scaffold] unique window=1861 baseline=4665±26 | ratio window=0.343 baseline=0.859±0.005 | rarefied(m=100) window=96.9±1.7 baseline=98.6±1.3
        [heavy_std] window=7.02 baseline=7.47±0.09 | [ring_std] window=1.10 baseline=1.27±0.02 | [tanimoto] window=0.133 baseline=0.125±0.001
q=90 w=0.02 n=55    [scaffold] unique window=25 baseline=55±1 | ratio window=0.455 baseline=0.993±0.012 | rarefied(m=55) window=25.0±0.0 baseline=54.7±0.6
        [heavy_std] window=8.04 baseline=7.57±0.85 | [ring_std] window=1.12 baseline=1.29±0.11 | [tanimoto] window=0.154 baseline=0.126±0.003
q=90 w=0.05 n=397   [scaffold] unique window=145 baseline=385±3 | ratio window=0.365 baseline=0.969±0.009 | rarefied(m=100) window=74.7±3.2 baseline=99.0±1.2
        [heavy_std] window=8.23 baseline=7.42±0.34 | [ring_std] window=1.16 baseline=1.26±0.05 | [tanimoto] window=0.146 baseline=0.126±0.002
q=90 w=0.10 n=1596  [scaffold] unique window=507 baseline=1487±15 | ratio window=0.318 baseline=0.932±0.009 | rarefied(m=100) window=86.2±3.4 baseline=98.6±1.2
        [heavy_std] window=8.54 baseline=7.40±0.10 | [ring_std] window=1.15 baseline=1.27±0.03 | [tanimoto] window=0.142 baseline=0.126±0.002
