loaded n=200000 in 137.9s
descriptors n_valid=200000/200000 in 112.8s
CKPT-free real-data control, pool_n=200000
q=10 w=0.02 n=160   [scaffold] unique window=65 baseline=157±2 | ratio window=0.406 baseline=0.980±0.015 | rarefied(m=100) window=57.6±2.1 baseline=98.4±1.2
        [heavy_std] window=5.95 baseline=7.34±0.48 | [ring_std] window=0.94 baseline=1.24±0.08 | [tanimoto] window=0.140 baseline=0.127±0.002
q=10 w=0.05 n=822   [scaffold] unique window=315 baseline=784±6 | ratio window=0.383 baseline=0.953±0.007 | rarefied(m=100) window=88.7±3.1 baseline=98.4±1.3
        [heavy_std] window=6.44 baseline=7.49±0.11 | [ring_std] window=1.00 baseline=1.27±0.04 | [tanimoto] window=0.132 baseline=0.125±0.001
q=10 w=0.10 n=3351  [scaffold] unique window=1166 baseline=3000±16 | ratio window=0.348 baseline=0.895±0.005 | rarefied(m=100) window=96.3±2.2 baseline=98.9±1.2
        [heavy_std] window=6.88 baseline=7.45±0.09 | [ring_std] window=1.08 baseline=1.27±0.02 | [tanimoto] window=0.130 baseline=0.125±0.001
q=10 w=0.15 n=7577  [scaffold] unique window=2454 baseline=6295±28 | ratio window=0.324 baseline=0.831±0.004 | rarefied(m=100) window=97.2±1.3 baseline=98.5±1.4
        [heavy_std] window=7.00 baseline=7.45±0.07 | [ring_std] window=1.10 baseline=1.27±0.01 | [tanimoto] window=0.130 baseline=0.125±0.001
q=10 w=0.20 n=13338 [scaffold] unique window=4056 baseline=10236±43 | ratio window=0.304 baseline=0.767±0.003 | rarefied(m=100) window=97.9±1.3 baseline=98.8±1.3
        [heavy_std] window=7.05 baseline=7.46±0.04 | [ring_std] window=1.08 baseline=1.27±0.01 | [tanimoto] window=0.133 baseline=0.126±0.001
q=30 w=0.02 n=297   [scaffold] unique window=122 baseline=289±2 | ratio window=0.411 baseline=0.972±0.008 | rarefied(m=100) window=74.7±2.9 baseline=98.5±1.2
        [heavy_std] window=6.70 baseline=7.47±0.32 | [ring_std] window=0.95 baseline=1.28±0.06 | [tanimoto] window=0.141 baseline=0.126±0.002
q=30 w=0.05 n=2139  [scaffold] unique window=787 baseline=1967±15 | ratio window=0.368 baseline=0.919±0.007 | rarefied(m=100) window=94.0±2.4 baseline=98.6±1.1
        [heavy_std] window=7.25 baseline=7.47±0.10 | [ring_std] window=1.13 baseline=1.27±0.02 | [tanimoto] window=0.134 baseline=0.126±0.001
q=30 w=0.10 n=8625  [scaffold] unique window=2915 baseline=7047±42 | ratio window=0.338 baseline=0.817±0.005 | rarefied(m=100) window=98.1±1.4 baseline=98.8±1.2
        [heavy_std] window=7.00 baseline=7.46±0.06 | [ring_std] window=1.13 baseline=1.27±0.01 | [tanimoto] window=0.134 baseline=0.125±0.001
q=30 w=0.15 n=18675 [scaffold] unique window=5924 baseline=13479±51 | ratio window=0.317 baseline=0.722±0.003 | rarefied(m=100) window=98.7±1.1 baseline=98.8±1.2
        [heavy_std] window=7.00 baseline=7.47±0.04 | [ring_std] window=1.12 baseline=1.27±0.01 | [tanimoto] window=0.136 baseline=0.125±0.001
q=30 w=0.20 n=31785 [scaffold] unique window=9488 baseline=20194±66 | ratio window=0.299 baseline=0.635±0.002 | rarefied(m=100) window=98.7±1.0 baseline=98.5±1.2
        [heavy_std] window=7.00 baseline=7.47±0.02 | [ring_std] window=1.12 baseline=1.27±0.00 | [tanimoto] window=0.135 baseline=0.125±0.001
q=50 w=0.02 n=410   [scaffold] unique window=165 baseline=396±4 | ratio window=0.402 baseline=0.966±0.009 | rarefied(m=100) window=80.3±3.3 baseline=98.2±1.4
        [heavy_std] window=6.44 baseline=7.34±0.33 | [ring_std] window=1.04 baseline=1.26±0.05 | [tanimoto] window=0.136 baseline=0.125±0.002
q=50 w=0.05 n=2366  [scaffold] unique window=904 baseline=2160±13 | ratio window=0.382 baseline=0.913±0.005 | rarefied(m=100) window=95.6±1.9 baseline=99.1±1.0
        [heavy_std] window=6.92 baseline=7.45±0.12 | [ring_std] window=1.11 baseline=1.28±0.02 | [tanimoto] window=0.137 baseline=0.126±0.001
q=50 w=0.10 n=9462  [scaffold] unique window=3193 baseline=7637±43 | ratio window=0.337 baseline=0.807±0.005 | rarefied(m=100) window=98.4±1.3 baseline=99.1±1.0
        [heavy_std] window=6.95 baseline=7.45±0.05 | [ring_std] window=1.11 baseline=1.27±0.01 | [tanimoto] window=0.135 baseline=0.126±0.001
q=50 w=0.15 n=20593 [scaffold] unique window=6478 baseline=14525±44 | ratio window=0.315 baseline=0.705±0.002 | rarefied(m=100) window=98.8±1.2 baseline=98.6±1.4
        [heavy_std] window=6.93 baseline=7.45±0.05 | [ring_std] window=1.12 baseline=1.27±0.01 | [tanimoto] window=0.134 baseline=0.125±0.001
q=50 w=0.20 n=34418 [scaffold] unique window=10346 baseline=21401±51 | ratio window=0.301 baseline=0.622±0.001 | rarefied(m=100) window=99.0±1.0 baseline=98.9±1.2
        [heavy_std] window=6.97 baseline=7.46±0.03 | [ring_std] window=1.13 baseline=1.27±0.01 | [tanimoto] window=0.132 baseline=0.126±0.001
q=70 w=0.02 n=252   [scaffold] unique window=97 baseline=247±2 | ratio window=0.385 baseline=0.978±0.009 | rarefied(m=100) window=68.9±2.7 baseline=98.6±1.2
        [heavy_std] window=7.12 baseline=7.45±0.34 | [ring_std] window=1.05 baseline=1.26±0.05 | [tanimoto] window=0.140 baseline=0.126±0.002
q=70 w=0.05 n=1412  [scaffold] unique window=533 baseline=1320±8 | ratio window=0.377 baseline=0.935±0.005 | rarefied(m=100) window=92.4±2.7 baseline=98.9±1.4
        [heavy_std] window=7.18 baseline=7.45±0.16 | [ring_std] window=1.13 baseline=1.27±0.03 | [tanimoto] window=0.136 baseline=0.125±0.001
q=70 w=0.10 n=5430  [scaffold] unique window=1861 baseline=4662±25 | ratio window=0.343 baseline=0.859±0.005 | rarefied(m=100) window=97.2±1.8 baseline=98.7±1.3
        [heavy_std] window=7.02 baseline=7.50±0.07 | [ring_std] window=1.10 baseline=1.27±0.01 | [tanimoto] window=0.133 baseline=0.125±0.001
q=70 w=0.15 n=12734 [scaffold] unique window=4065 baseline=9842±39 | ratio window=0.319 baseline=0.773±0.003 | rarefied(m=100) window=98.4±1.4 baseline=98.6±1.4
        [heavy_std] window=7.17 baseline=7.48±0.04 | [ring_std] window=1.11 baseline=1.27±0.01 | [tanimoto] window=0.135 baseline=0.126±0.001
q=70 w=0.20 n=22855 [scaffold] unique window=6892 baseline=15792±62 | ratio window=0.302 baseline=0.691±0.003 | rarefied(m=100) window=98.8±0.9 baseline=98.0±1.4
        [heavy_std] window=7.18 baseline=7.45±0.04 | [ring_std] window=1.13 baseline=1.27±0.01 | [tanimoto] window=0.132 baseline=0.126±0.001
q=90 w=0.02 n=55    [scaffold] unique window=25 baseline=54±1 | ratio window=0.455 baseline=0.991±0.015 | rarefied(m=55) window=25.0±0.0 baseline=54.7±0.7
        [heavy_std] window=8.04 baseline=7.50±0.77 | [ring_std] window=1.12 baseline=1.28±0.17 | [tanimoto] window=0.154 baseline=0.125±0.004
q=90 w=0.05 n=397   [scaffold] unique window=145 baseline=385±3 | ratio window=0.365 baseline=0.970±0.009 | rarefied(m=100) window=74.1±2.7 baseline=98.8±1.1
        [heavy_std] window=8.23 baseline=7.41±0.33 | [ring_std] window=1.16 baseline=1.27±0.05 | [tanimoto] window=0.145 baseline=0.126±0.002
q=90 w=0.10 n=1596  [scaffold] unique window=507 baseline=1490±11 | ratio window=0.318 baseline=0.934±0.007 | rarefied(m=100) window=86.7±3.7 baseline=98.6±1.2
        [heavy_std] window=8.54 baseline=7.45±0.09 | [ring_std] window=1.15 baseline=1.27±0.02 | [tanimoto] window=0.144 baseline=0.125±0.001
q=90 w=0.15 n=3733  [scaffold] unique window=1089 baseline=3320±16 | ratio window=0.292 baseline=0.889±0.004 | rarefied(m=100) window=88.1±2.9 baseline=98.5±1.3
        [heavy_std] window=8.68 baseline=7.45±0.10 | [ring_std] window=1.22 baseline=1.27±0.02 | [tanimoto] window=0.143 baseline=0.126±0.001
q=90 w=0.20 n=6980  [scaffold] unique window=1942 baseline=5855±21 | ratio window=0.278 baseline=0.839±0.003 | rarefied(m=100) window=90.2±2.7 baseline=98.6±1.4
        [heavy_std] window=8.56 baseline=7.46±0.07 | [ring_std] window=1.26 baseline=1.27±0.01 | [tanimoto] window=0.139 baseline=0.125±0.001
