[1/39] data_chunk_0013.pt: n=50000 fail=0 (128.1s)
[2/39] data_chunk_0019.pt: n=50000 fail=0 (128.3s)
[3/39] data_chunk_0024.pt: n=50000 fail=0 (128.5s)
[4/39] data_chunk_0001.pt: n=50000 fail=0 (128.6s)
[5/39] data_chunk_0002.pt: n=50000 fail=0 (128.7s)
[6/39] data_chunk_0005.pt: n=50000 fail=0 (128.7s)
[7/39] data_chunk_0031.pt: n=50000 fail=0 (128.8s)
[8/39] data_chunk_0007.pt: n=50000 fail=0 (129.0s)
[9/39] data_chunk_0016.pt: n=50000 fail=0 (130.1s)
[10/39] data_chunk_0030.pt: n=50000 fail=0 (130.2s)
[11/39] data_chunk_0008.pt: n=50000 fail=0 (130.2s)
[12/39] data_chunk_0004.pt: n=50000 fail=0 (130.3s)
[13/39] data_chunk_0018.pt: n=50000 fail=0 (130.3s)
[14/39] data_chunk_0015.pt: n=50000 fail=0 (130.4s)
[15/39] data_chunk_0021.pt: n=50000 fail=0 (130.9s)
[16/39] data_chunk_0014.pt: n=50000 fail=0 (130.9s)
[17/39] data_chunk_0012.pt: n=50000 fail=0 (131.1s)
[18/39] data_chunk_0020.pt: n=50000 fail=0 (131.3s)
[19/39] data_chunk_0000.pt: n=50000 fail=0 (131.3s)
[20/39] data_chunk_0023.pt: n=50000 fail=0 (131.6s)
[21/39] data_chunk_0028.pt: n=50000 fail=0 (131.6s)
[22/39] data_chunk_0017.pt: n=50000 fail=0 (131.8s)
[23/39] data_chunk_0011.pt: n=50000 fail=0 (132.5s)
[24/39] data_chunk_0009.pt: n=50000 fail=0 (132.5s)
[25/39] data_chunk_0022.pt: n=50000 fail=0 (133.0s)
[26/39] data_chunk_0010.pt: n=50000 fail=0 (133.0s)
[27/39] data_chunk_0029.pt: n=50000 fail=0 (133.1s)
[28/39] data_chunk_0026.pt: n=50000 fail=0 (133.6s)
[29/39] data_chunk_0003.pt: n=50000 fail=0 (134.2s)
[30/39] data_chunk_0006.pt: n=50000 fail=0 (135.6s)
[31/39] data_chunk_0025.pt: n=50000 fail=0 (137.0s)
[32/39] data_chunk_0027.pt: n=50000 fail=0 (138.3s)
[33/39] data_chunk_0038.pt: n=37003 fail=0 (92.2s)
[34/39] data_chunk_0035.pt: n=50000 fail=0 (121.7s)
[35/39] data_chunk_0036.pt: n=50000 fail=0 (122.4s)
[36/39] data_chunk_0037.pt: n=50000 fail=0 (123.6s)
[37/39] data_chunk_0033.pt: n=50000 fail=0 (124.9s)
[38/39] data_chunk_0034.pt: n=50000 fail=0 (124.9s)
[39/39] data_chunk_0032.pt: n=50000 fail=0 (126.2s)
all chunks done in 257.2s
total: n=1937003 smiles_parse_fail=0
기존 prop_cols(순서 유지): ['DFT_HOMO_ENERGY', 'DFT_LUMO_ENERGY', 'DFT_HOMO_LUMO_GAP', 'DFT_TOTAL_ENERGY', 'DFT_DIPOLE_TOT']
stats.json 저장 완료: {'DFT_HOMO_ENERGY': {'mean': -0.2886451736172569, 'std': 0.018524187289718982}, 'DFT_LUMO_ENERGY': {'mean': 0.01444903695271803, 'std': 0.02653275470631397}, 'DFT_HOMO_LUMO_GAP': {'mean': 0.3030942105699749, 'std': 0.029917370794480955}, 'DFT_TOTAL_ENERGY': {'mean': -1740.680228224231, 'std': 792.2416883478797}, 'DFT_DIPOLE_TOT': {'mean': 4.651850780727012, 'std': 2.3047391559661676}, 'LogP': {'mean': 3.769801682857488, 'std': 1.6990383944851344}, 'TPSA': {'mean': 83.53666437274492, 'std': 37.64555410245528}, 'HBD': {'mean': 1.7069576040925079, 'std': 1.3577986702064915}, 'HBA': {'mean': 4.9474554246947475, 'std': 1.9933665347958915}, 'RotBonds': {'mean': 5.827636302060451, 'std': 3.1952196706243616}, 'AromaticRings': {'mean': 2.7602776041131585, 'std': 1.1440744640771516}, 'SAscore': {'mean': 2.9530733280965427, 'std': 0.7131925898101805}}
