/home/cbgpu/molecule-AI/g1_dft_spotcheck.py:38: FutureWarning: You are using `torch.load` with `weights_only=False` (the current default value), which uses the default pickle module implicitly. It is possible to construct malicious pickle data which will execute arbitrary code during unpickling (See https://github.com/pytorch/pytorch/blob/main/SECURITY.md#untrusted-models for more details). In a future release, the default value for `weights_only` will be flipped to `True`. This limits the functions that could be executed during unpickling. Arbitrary objects will no longer be allowed to be loaded via this mode unless they are explicitly allowlisted by the user via `torch.serialization.add_safe_globals`. We recommend you start setting `weights_only=True` for any use case where you don't have full control of the loaded file. Please open an issue on GitHub for any issues related to this experimental feature.
  sd = torch.load("checkpoints_c4/best.pt", map_location=device)
target(HOMO,LUMO)=(-0.3064,-0.0187)  valid=14  picked=8
target(HOMO,LUMO)=(-0.2931,0.0006)  valid=16  picked=8
target(HOMO,LUMO)=(-0.2899,0.0131)  valid=20  picked=8
target(HOMO,LUMO)=(-0.2752,0.0272)  valid=19  picked=8
target(HOMO,LUMO)=(-0.2698,0.0489)  valid=20  picked=8
GPU 메모리 반납 완료
총 DFT 후보 40개(작은 분자부터), 순차 실행 시작 (qmugs=wb97xd/def2-svp, 분자당 최대 600s)
[1/40] n_heavy=21 CCCN(C)c1ccc(S(=O)(=O)CCC)cc1N1CC1=O  OK  (219.5s)
[2/40] n_heavy=21 CN1CCC(COc2cc(F)ccc2-c2ccc3cc2-3)C1  OK  (192.8s)
[3/40] n_heavy=21 NC1=NCC(=CN2CCCC2)C(=O)Nc2ccc(N)cc21  OK  (191.5s)
[4/40] n_heavy=21 Cc1cc2ccc1-c1cc-2ccc1NCCCN(C)C.O  ERROR: 3D 임베딩 실패 (DFT 불가)  (24.1s)
[5/40] n_heavy=21 CC=CC(=CNCN=C(N)N=C(C#N)NCCC)N(C)C  OK  (241.7s)
[6/40] n_heavy=21 CC=Cc1ccncc1CN1C=CC(=O)OC(=O)C=CC1  OK  (186.4s)
[7/40] n_heavy=21 CCn1c2cccc3c(=O)c4cnc(NC(C)=O)c(c32)c41  OK  (283.2s)
[8/40] n_heavy=21 C=CC(C)=CC=C1Nc2ccccc2C1(O)CC(C)C.O  OK  (352.9s)
[9/40] n_heavy=21 COC1=C(N2CCN(C)CC2)N=C(C(F)F)N=C2N=C1N2  ERROR: 3D 임베딩 실패 (DFT 불가)  (17.2s)
[10/40] n_heavy=21 CCCC(C)=CC(CCc1cc[nH]n1)=C(C)N1CCCC1  OK  (256.9s)
[11/40] n_heavy=21 COc1ccc(CN(C)CCCN2CCC2)c(C(C)=O)c1  OK  (256.8s)
[12/40] n_heavy=21 CN1C=C(C#N)C=CC=CC=CC=CCCCN2CC1C2  OK  (215.1s)
[13/40] n_heavy=21 CN1CC(C(N)=C2C=N2)=NNC2(CCC2)c2ccnc1c2  OK  (192.6s)
[14/40] n_heavy=21 CC1CCNCC1CC=CC1=Cc2nc[nH]cccc1n2  OK  (265.9s)
[15/40] n_heavy=21 NCC1CNCC(N=CC=CNc2ccccn2)CCN1  OK  (232.0s)
[16/40] n_heavy=21 CCc1cc2n(n1)N=C(C)N(CC)CCN2CCC(N)=O  OK  (227.1s)
[17/40] n_heavy=26 N=Nc1ccccc1-c1ccc2cc1C(C(N)=O)=CNC(=O)C=  OK  (280.3s)
[18/40] n_heavy=26 Cc1cccc(O)c1C1=CC=CN(C(=O)C=CCCCC(=O)O)C  OK  (320.4s)
[19/40] n_heavy=26 C=C(C=NC=C1C=C(NC(=O)Cc2ccc(O)cc2)N=CC1=  OK  (268.8s)
[20/40] n_heavy=26 CC(C)NC1=Nc2ccccc2C=CC(=Cc2ccc(F)cc2)C(=  OK  (353.8s)
[21/40] n_heavy=26 CNc1cc(C)c(S(=O)(=O)c2ccc(OC)nc2N2CCC(=O  OK  (316.1s)
[22/40] n_heavy=26 N=NN1C(COCCF)=CC=C2c3nnc(n32)-c2ccc(cc2)  ERROR: 3D 임베딩 실패 (DFT 불가)  (25.5s)
[23/40] n_heavy=26 CNC(=O)c1ccc(C(O)=Nc2cc(O)c3cc2-c2csc(n2  ERROR: 3D 임베딩 실패 (DFT 불가)  (25.9s)
[24/40] n_heavy=26 O=C(O)c1cccc(N(CCc2cccc(F)c2)C(=O)C=CC2=  OK  (305.8s)
[25/40] n_heavy=28 CCCN1CCOc2cc(OCc3ccc(C)cc3)cc3c(cn(C)c23  ERROR: 3D 임베딩 실패 (DFT 불가)  (69.7s)
[26/40] n_heavy=28 Sc1[nH]ccc1C(COC1CCN(CCc2ccccc2)C1)c1ccc  OK  (340.9s)
[27/40] n_heavy=28 O=C1NC1c1ccccc1CC(CNCC1CCCC1)c1cc2cc(c1)  ERROR: 3D 임베딩 실패 (DFT 불가)  (55.3s)
[28/40] n_heavy=28 CC=CC=Cc1cccc(NC2CCN2CCN(CC)Cc2ccccc2)c1  OK  (361.5s)
[29/40] n_heavy=28 O=C1CN2CCc3ccc(cc3)CCNc3ccccc3NCCC(CC2)N  OK  (445.7s)
[30/40] n_heavy=28 CC=CNC(CN)CCC1CCCN(c2ccccc2N2CC2C)C(CC)C  OK  (481.1s)
[31/40] n_heavy=28 CCCC1N2C3=CC=CN1C(C)Cc1ccc(cc1)N(C3=O)c1  ERROR: 3D 임베딩 실패 (DFT 불가)  (59.4s)
[32/40] n_heavy=28 NCCCCCN1CCNC(Cc2ccccc2)Cn2nc(oc3ccc2-3)C  OK  (486.6s)
[33/40] n_heavy=42 O=C1NC(=O)c2ccc(F)cc2C(=O)COC(=O)c2cc1cc  ERROR: DFT 계산 실패: timeout>600s  (607.9s)
[34/40] n_heavy=42 O=c1c(Cl)c2ccc(F)c(Cl)c3c(OC(F)(F)F)cc4n  ERROR: DFT 계산 실패: timeout>600s  (600.0s)
[35/40] n_heavy=42 O=C(NS(=O)(=O)c1ccc(Cl)cc1)C1=Nc2c(Cl)cc  ERROR: 3D 임베딩 실패 (DFT 불가)  (84.8s)
[36/40] n_heavy=42 O=S(=O)(Nc1c(F)cc(F)cc1Cl)C1=CC=NN=C(c2c  OK  (543.0s)
[37/40] n_heavy=42 CC(=O)NS(=O)(=O)C(=Cc1cnc(Cl)c(C(=O)O)c1  ERROR: DFT 계산 실패: timeout>600s  (602.9s)
[38/40] n_heavy=42 N#Cc1cccc(N2C(=O)c3ccc(o3)C3=CC(=O)c4ccc  ERROR: DFT 계산 실패: timeout>600s  (600.0s)
[39/40] n_heavy=42 N#Cc1cncc(F)cc2ncc3c(n1)[nH]c(=O)c1ccc3c  ERROR: DFT 계산 실패: timeout>600s  (600.0s)
[40/40] n_heavy=42 O=C(C1=CC(Cl)=CC=CC(SC2=NS(=O)(=O)C3=C2C  ERROR: DFT 계산 실패: timeout>600s  (600.0s)
DONE
