/home/cbgpu/molecule-AI/mid_train_check.py:41: FutureWarning: You are using `torch.load` with `weights_only=False` (the current default value), which uses the default pickle module implicitly. It is possible to construct malicious pickle data which will execute arbitrary code during unpickling (See https://github.com/pytorch/pytorch/blob/main/SECURITY.md#untrusted-models for more details). In a future release, the default value for `weights_only` will be flipped to `True`. This limits the functions that could be executed during unpickling. Arbitrary objects will no longer be allowed to be loaded via this mode unless they are explicitly allowlisted by the user via `torch.serialization.add_safe_globals`. We recommend you start setting `weights_only=True` for any use case where you don't have full control of the loaded file. Please open an issue on GitHub for any issues related to this experimental feature.
  sd = torch.load(CKPT, map_location=device)
타겟 분자 물성(raw): {'HOMO': -0.31066426634788513, 'LUMO': -0.02470923215150833, 'LogP': 3.799099922180176, 'TPSA': 137.63999938964844, 'HBA': 10.0, 'RotBonds': 4.0, 'AromaticRings': 1.0, 'SAscore': 3.433091640472412}

=== 전체 조건(8개 다 줌) (n_valid=18/32) ===
  LogP           target=3.799  gen_mean=3.625  gen_std=0.964  pop_mean=3.770
  TPSA           target=137.640  gen_mean=156.000  gen_std=11.780  pop_mean=83.537
  HBA            target=10.000  gen_mean=10.556  gen_std=1.012  pop_mean=4.947
  RotBonds       target=4.000  gen_mean=5.111  gen_std=3.478  pop_mean=5.828
  AromaticRings  target=1.000  gen_mean=1.222  gen_std=0.711  pop_mean=2.760
  SAscore        target=3.433  gen_mean=6.193  gen_std=0.677  pop_mean=2.953

=== 부분조건(LogP만 줌) (n_valid=27/32) ===
  LogP           target=3.799  gen_mean=4.221  gen_std=1.167  pop_mean=3.770
  TPSA           target=137.640  gen_mean=116.358  gen_std=23.143  pop_mean=83.537
  HBA            target=10.000  gen_mean=6.852  gen_std=1.458  pop_mean=4.947
  RotBonds       target=4.000  gen_mean=4.852  gen_std=3.003  pop_mean=5.828
  AromaticRings  target=1.000  gen_mean=2.667  gen_std=1.217  pop_mean=2.760
  SAscore        target=3.433  gen_mean=5.556  gen_std=0.965  pop_mean=2.953

=== 완전 무조건(비교 기준) (n_valid=24/32) ===
  LogP           target=3.799  gen_mean=5.063  gen_std=1.448  pop_mean=3.770
  TPSA           target=137.640  gen_mean=115.877  gen_std=33.988  pop_mean=83.537
  HBA            target=10.000  gen_mean=6.792  gen_std=1.632  pop_mean=4.947
  RotBonds       target=4.000  gen_mean=5.125  gen_std=4.024  pop_mean=5.828
  AromaticRings  target=1.000  gen_mean=2.875  gen_std=1.452  pop_mean=2.760
  SAscore        target=3.433  gen_mean=5.710  gen_std=0.806  pop_mean=2.953
