Device: cuda
Log: ./train_c4_a1.log
Loading datasets ...
  Train: 150,000  Val: 30,000
Building size distribution ...
  Size range: 6 ~ 50 atoms  (median 29)
Computing marginal class distributions (node/edge) ...
  m_X: [0.0, 0.7424461245536804, 0.09813539683818817, 0.11735163629055023, 0.012819983996450901, 0.00039847753942012787, 0.017244458198547363, 0.009797051548957825, 0.0015939101576805115, 0.00021297937200870365]
  m_E: [0.9272449612617493, 0.05248565226793289, 0.02004554122686386, 0.00022381941380444914]
Device: cuda
Log: ./train_c4_a1.log
Loading datasets ...
  Train: 150,000  Val: 30,000
Building size distribution ...
  Size range: 6 ~ 50 atoms  (median 29)
Computing marginal class distributions (node/edge) ...
  m_X: [0.0, 0.7424461245536804, 0.09813539683818817, 0.11735163629055023, 0.012819983996450901, 0.00039847753942012787, 0.017244458198547363, 0.009797051548957825, 0.0015939101576805115, 0.00021297937200870365]
  m_E: [0.9272449612617493, 0.05248565226793289, 0.02004554122686386, 0.00022381941380444914]
  [G-2] checkpoints_c4/best.pt에서 가중치만 로드 (optimizer/scheduler/epoch는 새로 시작)
  [A-1] shape 불일치로 제외(현재 모델 초기화 유지): ['net.cond_proj.weight']
  [G-5] 새 아키텍처 파라미터(zero-init 유지): ['net.layers.0.cond_mod.weight', 'net.layers.0.cond_mod.bias', 'net.layers.1.cond_mod.weight', 'net.layers.1.cond_mod.bias', 'net.layers.2.cond_mod.weight', 'net.layers.2.cond_mod.bias', 'net.layers.3.cond_mod.weight', 'net.layers.3.cond_mod.bias', 'net.layers.4.cond_mod.weight', 'net.layers.4.cond_mod.bias', 'net.layers.5.cond_mod.weight', 'net.layers.5.cond_mod.bias', 'net.cond_proj.weight', 'net.prop_head.0.weight', 'net.prop_head.0.bias', 'net.prop_head.1.weight', 'net.prop_head.1.bias', 'net.prop_head.3.weight', 'net.prop_head.3.bias']
  [경고] 체크포인트에만 있고 현재 모델엔 없는 키: ['net.null_cond']
  Parameters: 5,760,965

 Epoch    T-loss      T-x      T-e    V-loss      V-x      V-e  Time
------------------------------------------------------------------------------------------
     1    1.5052   0.5161   0.1947    1.4194   0.5165   0.1786  1344.1s
     2    1.4984   0.5148   0.1945    1.4098   0.5136   0.1778  1406.4s
     3    1.4925   0.5125   0.1942    1.4070   0.5116   0.1782  1378.3s
     4    1.4904   0.5112   0.1942    1.4105   0.5128   0.1787  1352.1s
     5    1.4898   0.5116   0.1942    1.3970   0.5093   0.1769  1433.8s
     6    1.4889   0.5111   0.1942    1.4110   0.5139   0.1788  1337.4s
     7    1.4855   0.5098   0.1939    1.4006   0.5096   0.1777  1273.7s
     8    1.4835   0.5089   0.1937    1.3990   0.5091   0.1776  1366.5s
     9    1.4830   0.5089   0.1936    1.3928   0.5059   0.1770  1379.8s
    10    1.4832   0.5089   0.1937    1.3928   0.5064   0.1769  1365.7s
    [EMA] valid(strict)=0.727 valid(frag)=0.938 valid(single)=0.703 atomViolRate=0.003 meanViol/mol=0.07 fragRatio=0.921 uniq=1.000
    [EMA] singleFragRate=0.762(ref 0.968) ringCount=3.90(ref 3.69) ring56Rate=0.603(ref 0.967) degree=2.17(ref 2.19) QED=0.544(ref 0.538)
    [EMA] t=10  atom=0.995 bond=0.994 nobond=1.000 P(b|bond)=0.991 P(b|nobond)=0.001 CE=0.004(ref 0.308) | t=40  atom=0.953 bond=0.833 nobond=0.994 P(b|bond)=0.795 P(b|nobond)=0.015 CE=0.066(ref 0.308) | t=75  atom=0.802 bond=0.328 nobond=0.985 P(b|bond)=0.307 P(b|nobond)=0.050 CE=0.221(ref 0.308) | t=110 atom=0.748 bond=0.000 nobond=1.000 P(b|bond)=0.091 P(b|nobond)=0.066 CE=0.298(ref 0.308)
    [RAW] valid(strict)=0.602 valid(frag)=0.941 valid(single)=0.527 atomViolRate=0.002 meanViol/mol=0.07 fragRatio=0.868 uniq=1.000
    [RAW] singleFragRate=0.570(ref 0.968) ringCount=2.66(ref 3.69) ring56Rate=0.636(ref 0.967) degree=2.09(ref 2.19) QED=0.459(ref 0.538)
    [RAW] t=10  atom=0.996 bond=0.991 nobond=1.000 P(b|bond)=0.988 P(b|nobond)=0.001 CE=0.004(ref 0.308) | t=40  atom=0.941 bond=0.829 nobond=0.996 P(b|bond)=0.787 P(b|nobond)=0.011 CE=0.064(ref 0.308) | t=75  atom=0.790 bond=0.217 nobond=0.992 P(b|bond)=0.268 P(b|nobond)=0.038 CE=0.223(ref 0.308) | t=110 atom=0.748 bond=0.000 nobond=1.000 P(b|bond)=0.065 P(b|nobond)=0.046 CE=0.306(ref 0.308)
    11    1.4803   0.5074   0.1935    1.3944   0.5079   0.1770  1309.5s
    12    1.4802   0.5075   0.1934    1.3909   0.5042   0.1771  1417.1s
    13    1.4808   0.5079   0.1935    1.3999   0.5087   0.1780  1420.1s
    14    1.4801   0.5078   0.1935    1.3803   0.4996   0.1760  1400.6s
    15    1.4755   0.5060   0.1929    1.3912   0.5036   0.1773  1324.3s
    16    1.4814   0.5078   0.1937    1.3894   0.5037   0.1770  1412.8s
Device: cuda
Log: ./train_c4_a1.log
Loading datasets ...
  Train: 150,000  Val: 30,000
Building size distribution ...
  Size range: 6 ~ 50 atoms  (median 29)
Computing marginal class distributions (node/edge) ...
  m_X: [0.0, 0.7424461245536804, 0.09813539683818817, 0.11735163629055023, 0.012819983996450901, 0.00039847753942012787, 0.017244458198547363, 0.009797051548957825, 0.0015939101576805115, 0.00021297937200870365]
  m_E: [0.9272449612617493, 0.05248565226793289, 0.02004554122686386, 0.00022381941380444914]
  [G-2] checkpoints_c4/best.pt에서 가중치만 로드 (optimizer/scheduler/epoch는 새로 시작)
  [A-1] shape 불일치로 제외(현재 모델 초기화 유지): ['net.cond_proj.weight']
  [G-5] 새 아키텍처 파라미터(zero-init 유지): ['net.layers.0.cond_mod.weight', 'net.layers.0.cond_mod.bias', 'net.layers.1.cond_mod.weight', 'net.layers.1.cond_mod.bias', 'net.layers.2.cond_mod.weight', 'net.layers.2.cond_mod.bias', 'net.layers.3.cond_mod.weight', 'net.layers.3.cond_mod.bias', 'net.layers.4.cond_mod.weight', 'net.layers.4.cond_mod.bias', 'net.layers.5.cond_mod.weight', 'net.layers.5.cond_mod.bias', 'net.cond_proj.weight', 'net.prop_head.0.weight', 'net.prop_head.0.bias', 'net.prop_head.1.weight', 'net.prop_head.1.bias', 'net.prop_head.3.weight', 'net.prop_head.3.bias']
  [경고] 체크포인트에만 있고 현재 모델엔 없는 키: ['net.null_cond']
  Parameters: 5,754,052

 Epoch    T-loss      T-x      T-e    V-loss      V-x      V-e  Time
------------------------------------------------------------------------------------------
     1    1.5036   0.5161   0.1941    1.4137   0.5154   0.1782   901.5s
Device: cuda
Log: ./train_c4_a1.log
Loading datasets ...
  Train: 150,000  Val: 30,000
Building size distribution ...
  Size range: 6 ~ 50 atoms  (median 29)
Computing marginal class distributions (node/edge) ...
  m_X: [0.0, 0.7424461245536804, 0.09813539683818817, 0.11735163629055023, 0.012819983996450901, 0.00039847753942012787, 0.017244458198547363, 0.009797051548957825, 0.0015939101576805115, 0.00021297937200870365]
  m_E: [0.9272449612617493, 0.05248565226793289, 0.02004554122686386, 0.00022381941380444914]
  [G-2] checkpoints_c4/best.pt에서 가중치만 로드 (optimizer/scheduler/epoch는 새로 시작)
  [A-1] shape 불일치로 제외(현재 모델 초기화 유지): ['net.cond_proj.weight']
  [G-5] 새 아키텍처 파라미터(zero-init 유지): ['net.layers.0.cond_mod.weight', 'net.layers.0.cond_mod.bias', 'net.layers.1.cond_mod.weight', 'net.layers.1.cond_mod.bias', 'net.layers.2.cond_mod.weight', 'net.layers.2.cond_mod.bias', 'net.layers.3.cond_mod.weight', 'net.layers.3.cond_mod.bias', 'net.layers.4.cond_mod.weight', 'net.layers.4.cond_mod.bias', 'net.layers.5.cond_mod.weight', 'net.layers.5.cond_mod.bias', 'net.cond_proj.weight', 'net.prop_head.0.weight', 'net.prop_head.0.bias', 'net.prop_head.1.weight', 'net.prop_head.1.bias', 'net.prop_head.3.weight', 'net.prop_head.3.bias']
  [경고] 체크포인트에만 있고 현재 모델엔 없는 키: ['net.null_cond']
  Parameters: 5,754,052

 Epoch    T-loss      T-x      T-e    V-loss      V-x      V-e  Time
------------------------------------------------------------------------------------------
     1    1.5043   0.5166   0.1946    1.4198   0.5167   0.1787  1386.0s
     2    1.4991   0.5145   0.1949    1.4114   0.5147   0.1782  1411.2s
     3    1.4898   0.5121   0.1938    1.4107   0.5147   0.1783  1314.6s
     4    1.4943   0.5132   0.1947    1.3981   0.5084   0.1773  1441.3s
     5    1.4919   0.5118   0.1947    1.4039   0.5119   0.1778  1335.0s
     6    1.4846   0.5102   0.1936    1.4084   0.5128   0.1786  1372.2s
     7    1.4819   0.5087   0.1934    1.4027   0.5107   0.1779  1443.4s
     8    1.4858   0.5101   0.1940    1.4090   0.5124   0.1790  1387.9s
     9    1.4866   0.5103   0.1941    1.3932   0.5069   0.1770  1445.5s
    10    1.4836   0.5096   0.1937    1.4060   0.5116   0.1786  1469.1s
    [EMA] valid(strict)=0.797 valid(frag)=0.941 valid(single)=0.746 atomViolRate=0.002 meanViol/mol=0.06 fragRatio=0.941 uniq=1.000
    [EMA] singleFragRate=0.793(ref 0.968) ringCount=3.85(ref 3.69) ring56Rate=0.582(ref 0.967) degree=2.17(ref 2.19) QED=0.566(ref 0.538)
    [EMA] t=10  atom=0.995 bond=0.991 nobond=1.000 P(b|bond)=0.990 P(b|nobond)=0.001 CE=0.004(ref 0.308) | t=40  atom=0.949 bond=0.842 nobond=0.994 P(b|bond)=0.805 P(b|nobond)=0.014 CE=0.061(ref 0.308) | t=75  atom=0.797 bond=0.315 nobond=0.987 P(b|bond)=0.310 P(b|nobond)=0.051 CE=0.215(ref 0.308) | t=110 atom=0.748 bond=0.000 nobond=1.000 P(b|bond)=0.097 P(b|nobond)=0.065 CE=0.294(ref 0.308)
    [RAW] valid(strict)=0.660 valid(frag)=0.945 valid(single)=0.555 atomViolRate=0.002 meanViol/mol=0.06 fragRatio=0.886 uniq=1.000
    [RAW] singleFragRate=0.582(ref 0.968) ringCount=3.02(ref 3.69) ring56Rate=0.655(ref 0.967) degree=2.11(ref 2.19) QED=0.473(ref 0.538)
    [RAW] t=10  atom=0.996 bond=0.993 nobond=1.000 P(b|bond)=0.990 P(b|nobond)=0.001 CE=0.003(ref 0.308) | t=40  atom=0.942 bond=0.817 nobond=0.995 P(b|bond)=0.772 P(b|nobond)=0.012 CE=0.069(ref 0.308) | t=75  atom=0.795 bond=0.199 nobond=0.993 P(b|bond)=0.268 P(b|nobond)=0.038 CE=0.217(ref 0.308) | t=110 atom=0.748 bond=0.000 nobond=1.000 P(b|bond)=0.068 P(b|nobond)=0.047 CE=0.303(ref 0.308)
    11    1.4813   0.5086   0.1935    1.4023   0.5108   0.1780  1401.8s
    12    1.4855   0.5095   0.1942    1.3923   0.5056   0.1771  1401.7s
    13    1.4863   0.5104   0.1942    1.4034   0.5108   0.1783  1405.9s
    14    1.4792   0.5077   0.1933    1.3863   0.5033   0.1764  1437.8s
    15    1.4819   0.5079   0.1938    1.3936   0.5058   0.1774  1424.7s
    16    1.4803   0.5075   0.1936    1.3868   0.5031   0.1766  1421.7s
    17    1.4783   0.5066   0.1934    1.3799   0.5000   0.1759  1415.1s
    18    1.4777   0.5067   0.1933    1.3940   0.5050   0.1777  1506.2s
    19    1.4790   0.5068   0.1936    1.3828   0.5009   0.1763  1430.4s
    20    1.4769   0.5068   0.1931    1.3809   0.4997   0.1762  1439.3s
    [EMA] valid(strict)=0.801 valid(frag)=0.926 valid(single)=0.777 atomViolRate=0.003 meanViol/mol=0.08 fragRatio=0.957 uniq=1.000
    [EMA] singleFragRate=0.848(ref 0.968) ringCount=3.85(ref 3.69) ring56Rate=0.598(ref 0.967) degree=2.17(ref 2.19) QED=0.541(ref 0.538)
    [EMA] t=10  atom=0.997 bond=0.995 nobond=1.000 P(b|bond)=0.992 P(b|nobond)=0.001 CE=0.003(ref 0.308) | t=40  atom=0.932 bond=0.801 nobond=0.992 P(b|bond)=0.777 P(b|nobond)=0.018 CE=0.077(ref 0.308) | t=75  atom=0.808 bond=0.338 nobond=0.984 P(b|bond)=0.323 P(b|nobond)=0.053 CE=0.216(ref 0.308) | t=110 atom=0.748 bond=0.000 nobond=1.000 P(b|bond)=0.101 P(b|nobond)=0.069 CE=0.294(ref 0.308)
    [RAW] valid(strict)=0.809 valid(frag)=0.945 valid(single)=0.777 atomViolRate=0.002 meanViol/mol=0.07 fragRatio=0.952 uniq=1.000
    [RAW] singleFragRate=0.824(ref 0.968) ringCount=3.81(ref 3.69) ring56Rate=0.632(ref 0.967) degree=2.17(ref 2.19) QED=0.568(ref 0.538)
    [RAW] t=10  atom=0.996 bond=0.997 nobond=1.000 P(b|bond)=0.994 P(b|nobond)=0.000 CE=0.002(ref 0.308) | t=40  atom=0.931 bond=0.834 nobond=0.994 P(b|bond)=0.794 P(b|nobond)=0.014 CE=0.064(ref 0.308) | t=75  atom=0.814 bond=0.336 nobond=0.988 P(b|bond)=0.322 P(b|nobond)=0.046 CE=0.208(ref 0.308) | t=110 atom=0.748 bond=0.000 nobond=1.000 P(b|bond)=0.084 P(b|nobond)=0.060 CE=0.300(ref 0.308)

Done. Best val loss: 1.3799
